Archive member included       because of file (symbol)

insmod/insmod.a(insmod.o)     linuxrc.o (insmod_main)
insmod/insmod.a(rmmod.o)      linuxrc.o (rmmod_main)
insmod/insmod.a(sys_oim.o)    insmod/insmod.a(insmod.o) (old_sys_init_module)
insmod/insmod.a(obj_common.o)
                              insmod/insmod.a(insmod.o) (obj_elf_hash_n)
insmod/insmod.a(sys_cm.o)     insmod/insmod.a(insmod.o) (create_module)
insmod/insmod.a(sys_qm.o)     insmod/insmod.a(insmod.o) (query_module)
insmod/insmod.a(logger.o)     insmod/insmod.a(insmod.o) (error)
insmod/insmod.a(sys_dm.o)     insmod/insmod.a(insmod.o) (delete_module)
insmod/insmod.a(xmalloc.o)    insmod/insmod.a(insmod.o) (xmalloc)
insmod/insmod.a(obj_load.o)   insmod/insmod.a(insmod.o) (obj_load)
insmod/insmod.a(sys_gks.o)    insmod/insmod.a(insmod.o) (get_kernel_syms)
insmod/insmod.a(xrealloc.o)   insmod/insmod.a(insmod.o) (xrealloc)
insmod/insmod.a(obj_i386.o)   insmod/insmod.a(obj_load.o) (arch_new_file)
insmod/insmod.a(obj_reloc.o)  insmod/insmod.a(insmod.o) (obj_string_patch)
insmod/insmod.a(sys_nim.o)    insmod/insmod.a(insmod.o) (new_sys_init_module)
loadkeys/loadkeys.a(loadkeys.o)
                              linuxrc.o (loadkeys_main)
loadkeys/loadkeys.a(ksyms.o)  loadkeys/loadkeys.a(loadkeys.o) (syms)
loadkeys/loadkeys.a(findfile.o)
                              loadkeys/loadkeys.a(loadkeys.o) (findfile)
loadkeys/loadkeys.a(getfd.o)  loadkeys/loadkeys.a(loadkeys.o) (getfd)
loadkeys/loadkeys.a(setfont.o)
                              linuxrc.o (setfont_main)
loadkeys/loadkeys.a(mapscrn.o)
                              loadkeys/loadkeys.a(setfont.o) (loadnewmap)
loadkeys/loadkeys.a(loadunimap.o)
                              loadkeys/loadkeys.a(setfont.o) (loadunicodemap)
pcmcia/pcmcia.a(probe.o)      linuxrc.o (probe_main)
pcmcia/pcmcia.a(cardmgr.o)    pcmcia.o (pidfile)
pcmcia/pcmcia.a(lex_config.o)
                              pcmcia/pcmcia.a(cardmgr.o) (parse_configfile)
pcmcia/pcmcia.a(yacc_config.o)
                              pcmcia/pcmcia.a(lex_config.o) (yyparse)
portmap/portmap.a(portmap.o)  linuxrc.o (portmap_main)
portmap/portmap.a(pmap_check.o)
                              portmap/portmap.a(portmap.o) (verboselog)
portmap/portmap.a(from_local.o)
                              portmap/portmap.a(pmap_check.o) (from_local)
libc/mini-libc.a(genops.o)    insmod/insmod.a(logger.o) (__overflow)
libc/mini-libc.a(iofclose.o)  display.o (fclose)
libc/mini-libc.a(iofflush.o)  display.o (fflush)
libc/mini-libc.a(iofgets.o)   dialog.o (fgets)
libc/mini-libc.a(iofopen.o)   display.o (fopen)
libc/mini-libc.a(iofprintf.o)
                              display.o (fprintf)
libc/mini-libc.a(iofputs.o)   util.o (fputs)
libc/mini-libc.a(iofread.o)   insmod/insmod.a(obj_load.o) (fread)
libc/mini-libc.a(iofscanf.o)  install.o (fscanf)
libc/mini-libc.a(iofwrite.o)  loadkeys/loadkeys.a(loadkeys.o) (fwrite)
libc/mini-libc.a(iogetline.o)
                              libc/mini-libc.a(iofgets.o) (_IO_getline)
libc/mini-libc.a(iopopen.o)   pcmcia/pcmcia.a(cardmgr.o) (popen)
libc/mini-libc.a(ioprintf.o)  display.o (printf)
libc/mini-libc.a(iosprintf.o)
                              display.o (sprintf)
libc/mini-libc.a(iosscanf.o)  info.o (sscanf)
libc/mini-libc.a(iovfprintf.o)
                              libc/mini-libc.a(iofprintf.o) (_IO_vfprintf)
libc/mini-libc.a(iovfscanf.o)
                              libc/mini-libc.a(iofscanf.o) (_IO_vfscanf)
libc/mini-libc.a(iovsprintf.o)
                              libc/mini-libc.a(iosprintf.o) (_IO_vsprintf)
libc/mini-libc.a(iovsscanf.o)
                              libc/mini-libc.a(iosscanf.o) (_IO_vsscanf)
libc/mini-libc.a(stdfiles.o)  linuxrc.o (_IO_stdin_)
libc/mini-libc.a(strops.o)    libc/mini-libc.a(iovsprintf.o) (_IO_str_init_static)
libc/mini-libc.a(feof.o)      loadkeys/loadkeys.a(setfont.o) (feof)
libc/mini-libc.a(ferror.o)    loadkeys/loadkeys.a(loadkeys.o) (ferror)
libc/mini-libc.a(fileno.o)    insmod/insmod.a(insmod.o) (fileno)
libc/mini-libc.a(fputc.o)     pcmcia/pcmcia.a(cardmgr.o) (fputc)
libc/mini-libc.a(freopen.o)   linuxrc.o (freopen)
libc/mini-libc.a(fseek.o)     insmod/insmod.a(obj_load.o) (fseek)
libc/mini-libc.a(pclose.o)    pcmcia/pcmcia.a(cardmgr.o) (pclose)
libc/mini-libc.a(reg-printf.o)
                              libc/mini-libc.a(iovfprintf.o) (__printf_function_table)
libc/mini-libc.a(snprintf.o)  insmod/insmod.a(insmod.o) (snprintf)
libc/mini-libc.a(tmpnam.o)    pcmcia/pcmcia.a(cardmgr.o) (tmpnam)
libc/mini-libc.a(vsnprintf.o)
                              libc/mini-libc.a(snprintf.o) (_IO_vsnprintf)
libc/mini-libc.a(abort.o)     portmap/portmap.a(portmap.o) (abort)
libc/mini-libc.a(strtol.o)    rootimage.o (__strtol_internal)
libc/mini-libc.a(strtoul.o)   insmod/insmod.a(insmod.o) (__strtoul_internal)
libc/mini-libc.a(strtoll.o)   libc/mini-libc.a(iovfscanf.o) (__strtoll_internal)
libc/mini-libc.a(strtoull.o)  libc/mini-libc.a(iovfscanf.o) (__strtoull_internal)
[...]
Memory Configuration

Name             Origin             Length             Attributes
*default*        0x00000000         0xffffffff

Linker script and memory map

LOAD /usr/lib/crt1.o
LOAD /usr/lib/crti.o
LOAD /usr/lib/gcc-lib/i486-linux/2.7.2.3/crtbegin.o
LOAD display.o
LOAD keyboard.o
LOAD window.o
LOAD text.o
LOAD global.o
LOAD dialog.o
LOAD util.o
LOAD linuxrc.o
LOAD module.o
LOAD rootimage.o
LOAD info.o
LOAD net.o
LOAD modparms.o
LOAD pcmcia.o
LOAD install.o
LOAD settings.o
LOAD bootpc.o
LOAD file.o
LOAD ftp.o
LOAD smp.o
LOAD insmod/insmod.a
LOAD loadkeys/loadkeys.a
LOAD pcmcia/pcmcia.a
LOAD portmap/portmap.a
LOAD libc/mini-libc.a
LOAD /usr/lib/gcc-lib/i486-linux/2.7.2.3/libgcc.a
LOAD /usr/lib/libc.a
LOAD /usr/lib/gcc-lib/i486-linux/2.7.2.3/libgcc.a
LOAD /usr/lib/gcc-lib/i486-linux/2.7.2.3/crtend.o
LOAD /usr/lib/crtn.o
                0x08048094                .=(0x8048000+SIZEOF_HEADERS)

.interp
 *(.interp)

.note.ABI-tag   0x08048094       0x20
 .note.ABI-tag  0x08048094       0x20 /usr/lib/crt1.o

.hash
 *(.hash)

.dynsym
 *(.dynsym)

.dynstr
 *(.dynstr)

.gnu.version
 *(.gnu.version)

.gnu.version_d
 *(.gnu.version_d)

.gnu.version_r
 *(.gnu.version_r)

.rel.text
 *(.rel.text)
 *(.rel.gnu.linkonce.t*)

.rela.text
 *(.rela.text)
 *(.rela.gnu.linkonce.t*)

.rel.data
 *(.rel.data)
 *(.rel.gnu.linkonce.d*)

.rela.data
 *(.rela.data)
 *(.rela.gnu.linkonce.d*)

.rel.rodata
 *(.rel.rodata)
 *(.rel.gnu.linkonce.r*)

.rela.rodata
 *(.rela.rodata)
 *(.rela.gnu.linkonce.r*)

.rel.got        0x080480b4        0x0
 *(.rel.got)

.rela.got
 *(.rela.got)

.rel.ctors
 *(.rel.ctors)

.rela.ctors
 *(.rela.ctors)

.rel.dtors
 *(.rel.dtors)

.rela.dtors
 *(.rela.dtors)

.rel.init
 *(.rel.init)

.rela.init
 *(.rela.init)

.rel.fini
 *(.rel.fini)

.rela.fini
 *(.rela.fini)

.rel.bss
 *(.rel.bss)

.rela.bss
 *(.rela.bss)

.rel.plt
 *(.rel.plt)

.rela.plt
 *(.rela.plt)

.init           0x080480b4       0x2a
 *(.init)
 .init          0x080480b4       0x20 /usr/lib/crti.o
                0x080480b4                _init
 .init          0x080480d4        0x5 /usr/lib/gcc-lib/i486-linux/2.7.2.3/crtend.o
 .init          0x080480d9        0x5 /usr/lib/crtn.o

.plt
 *(.plt)

.text           0x080480e0    0x4e818
 *(.text)
 .text          0x080480e0       0x24 /usr/lib/crt1.o
                0x080480e0                _start
 *fill*         0x08048104        0xc 37008
 .text          0x08048110       0x37 /usr/lib/gcc-lib/i486-linux/2.7.2.3/crtbegin.o
 *fill*         0x08048147        0x9 37008
 .text          0x08048150      0xcda display.o
                0x08048380                disp_end
                0x08048500                disp_set_attr
                0x080485b0                disp_graph_off
                0x080488a0                disp_restore_area
                0x08048c90                disp_flush_area
                0x08048490                disp_set_color
                0x08048550                disp_cursor_on
                0x08048150                disp_init
                0x08048540                disp_cursor_off
                0x08048db0                disp_restore_screen
                0x08048d40                disp_set_display
                0x08048790                disp_toggle_output
                0x08048600                disp_write_char
                0x080487a0                disp_save_area
                0x08048690                disp_write_string
                0x08048560                disp_graph_on
                0x08048440                disp_gotoxy
                0x08048cd0                disp_refresh_char
 *fill*         0x08048e2a        0x6 37008
 .text          0x08048e30      0x3ab keyboard.o
                0x08048e30                kbd_init
                0x08048f60                kbd_end
                0x08049110                kbd_clear_buffer
                0x08048fc0                kbd_getch
                0x08048f90                kbd_switch_tty
                0x08048f40                kbd_reset
 *fill*         0x080491db        0x5 37008
 .text          0x080491e0      0xf6a window.o
                0x080499f0                win_choose_button
                0x080497e0                win_print
                0x08049b60                win_input
                0x080491e0                win_open
                0x08049930                win_button_unpressed
                0x080499b0                win_button_unselect
                0x08049840                win_add_button
                0x08049720                win_close
                0x080498d0                win_button_pressed
                0x08049970                win_button_select
                0x08049740                win_clear
 *fill*         0x0804a14a        0x6 37008
 .text          0x0804a150       0xcc text.o
                0x0804a150                txt_get
                0x0804a1e0                txt_init
 *fill*         0x0804a21c        0x4 37008
 .text          0x0804a220     0x1ffb dialog.o
                0x0804a5a0                dia_menu
                0x0804b470                dia_input
                0x0804b560                dia_show_lines
                0x0804be30                dia_info
                0x0804bc70                dia_show_file
                0x0804c1d0                dia_handle_ctrlc
                0x0804b250                dia_status_on
                0x0804a410                dia_message
                0x0804b3f0                dia_status
                0x0804a220                dia_yesno
 *fill*         0x0804c21b        0x5 37008
 .text          0x0804c220      0xb0b util.o
                0x0804c730                util_print_banner
                0x0804ccf0                util_open_ftp
                0x0804c2f0                util_generate_button
                0x0804c220                util_redirect_kmsg
                0x0804ca70                util_umount_loop
                0x0804c270                util_center_text
                0x0804cab0                util_truncate_dir
                0x0804cbb0                util_check_break
                0x0804c480                util_create_items
                0x0804cca0                util_free_ramdisk
                0x0804c940                util_mount_loop
                0x0804c4c0                util_free_items
                0x0804c8b0                util_beep
                0x0804c330                util_format_txt
                0x0804c4f0                util_fileinfo
                0x0804c440                util_fill_string
                0x0804cc00                util_try_mount
                0x0804cb70                util_check_exist
                0x0804cc60                util_print_ftp_error
                0x0804c5d0                util_update_kernellog
 *fill*         0x0804cd2b        0x5 37008
 .text          0x0804cd30      0xd86 linuxrc.o
                0x0804cf90                my_syslog
                0x0804cff0                lxrc_reboot
                0x0804cd30                main
                0x0804cfc0                my_logmessage
                0x0804d080                lxrc_killall
                0x0804d020                lxrc_end
 *fill*         0x0804dab6        0xa 37008
 .text          0x0804dac0     0x1a54 module.o
                0x0804dc70                mod_unload_module
                0x0804e330                mod_get_mod_type
                0x0804e410                mod_autoload
                0x0804e050                mod_get_ram_modules
                0x0804e1f0                mod_auto
                0x0804de10                mod_load_by_user
                0x0804dde0                mod_free_modules
                0x0804dac0                mod_menu
                0x0804dbe0                mod_load_module
                0x0804dcb0                mod_show_modules
                0x0804e2d0                mod_init
 *fill*         0x0804f514        0xc 37008
 .text          0x0804f520     0x235e rootimage.o
                0x0804fa10                root_boot_system
                0x0804f920                root_set_root
                0x0804f520                root_load_rootimage
 *fill*         0x0805187e        0x2 37008
 .text          0x08051880      0xb74 info.o
                0x08052040                info_eide_cd_exists
                0x08051880                info_menu
                0x08051c40                info_show_hardware
                0x080520c0                info_scsi_exists
                0x08051960                info_init
                0x080521f0                info_scsi_cd_exists
 *fill*         0x080523f4        0xc 37008
 .text          0x08052400     0x1669 net.o
                0x08053070                xdr_dirpath
                0x08052b90                net_check_address
                0x080524e0                net_stop
                0x080530e0                xdr_fhstatus
                0x080530b0                xdr_fhandle
                0x08052560                net_setup_localhost
                0x08052d00                net_mount_nfs
                0x08052400                net_config
 *fill*         0x08053a69        0x7 37008
 .text          0x08053a70      0x36a modparms.o
                0x08053b00                mpar_save_modparams
                0x08053a70                mpar_get_params
                0x08053c30                mpar_write_modparms
                0x08053b90                mpar_delete_modparams
 *fill*         0x08053dda        0x6 37008
 .text          0x08053de0      0x364 pcmcia.o
                0x08053de0                pcmcia_load_core
 *fill*         0x08054144        0xc 37008
 .text          0x08054150     0x1bce install.o
                0x08054150                inst_auto_install
                0x08054230                inst_start_demo
                0x08054430                inst_menu
 *fill*         0x08055d1e        0x2 37008
 .text          0x08055d20      0x9e9 settings.o
                0x080564c0                set_write_info
                0x08055ec0                set_choose_keytable
                0x08055fe0                set_choose_language
                0x08055d20                set_settings
                0x08055e00                set_choose_display
 *fill*         0x08056709        0x7 37008
 .text          0x08056710     0x11cf bootpc.o
                0x08056de0                BootpFatal
                0x08056710                performBootp
                0x080576a0                OutString
                0x08056e60                ParsePacket
                0x080577d0                safecopy
                0x08057700                OutSearch
                0x08057530                OutList
                0x08057860                doOut
 *fill*         0x080578df        0x1 37008
 .text          0x080578e0      0xe15 file.o
                0x08057ea0                file_read_info
                0x080578e0                file_write_yast_info
 *fill*         0x080586f5        0xb 37008
 .text          0x08058700      0xaa6 ftp.o
                0x08058f40                ftpClose
                0x08058f50                ftpStrerror
                0x08058ab0                ftpOpen
                0x08058f10                ftpGetFileDone
                0x08058ce0                ftpGetFileDesc
 *fill*         0x080591a6        0xa 37008
 .text          0x080591b0      0x1a1 smp.o
                0x08059330                detectSMP
 *fill*         0x08059351        0xf 37008
 .text          0x08059360     0x27b2 insmod/insmod.a(insmod.o)
                0x0805b400                insmod_main
 *fill*         0x0805bb12        0xe 37008
 .text          0x0805bb20      0x791 insmod/insmod.a(rmmod.o)
                0x0805c000                rmmod_main
 *fill*         0x0805c2b1        0xf 37008
 .text          0x0805c2c0       0x33 insmod/insmod.a(sys_oim.o)
                0x0805c2c0                old_sys_init_module
 *fill*         0x0805c2f3        0xd 37008
 .text          0x0805c300      0x617 insmod/insmod.a(obj_common.o)
                0x0805c660                obj_symbol_final_value
                0x0805c6a0                obj_find_section
                0x0805c610                obj_find_symbol
                0x0805c3a0                obj_set_symbol_compare
                0x0805c770                obj_insert_section_load_order
                0x0805c850                obj_create_alloced_section_first
                0x0805c8f0                obj_extend_section
                0x0805c7c0                obj_create_alloced_section
                0x0805c340                obj_elf_hash
                0x0805c450                obj_add_symbol
                0x0805c300                obj_elf_hash_n
 *fill*         0x0805c917        0x9 37008
 .text          0x0805c920       0x41 insmod/insmod.a(sys_cm.o)
                0x0805c920                create_module
 *fill*         0x0805c961        0xf 37008
 .text          0x0805c970       0x33 insmod/insmod.a(sys_qm.o)
                0x0805c970                query_module
 *fill*         0x0805c9a3        0xd 37008
 .text          0x0805c9b0      0x1dc insmod/insmod.a(logger.o)
                0x0805cab0                lprintf
                0x0805c9b0                error
                0x0805cb70                setsyslog
 *fill*         0x0805cb8c        0x4 37008
 .text          0x0805cb90       0x1f insmod/insmod.a(sys_dm.o)
                0x0805cb90                delete_module
 *fill*         0x0805cbaf        0x1 37008
 .text          0x0805cbb0       0x31 insmod/insmod.a(xmalloc.o)
                0x0805cbb0                xmalloc
 *fill*         0x0805cbe1        0xf 37008
 .text          0x0805cbf0      0x468 insmod/insmod.a(obj_load.o)
                0x0805cbf0                obj_load
 *fill*         0x0805d058        0x8 37008
 .text          0x0805d060       0x1f insmod/insmod.a(sys_gks.o)
                0x0805d060                get_kernel_syms
 *fill*         0x0805d07f        0x1 37008
 .text          0x0805d080       0x31 insmod/insmod.a(xrealloc.o)
                0x0805d080                xrealloc
 *fill*         0x0805d0b1        0xf 37008
 .text          0x0805d0c0      0x356 insmod/insmod.a(obj_i386.o)
                0x0805d2b0                arch_create_got
                0x0805d0c0                arch_new_file
                0x0805d0f0                arch_new_symbol
                0x0805d0e0                arch_new_section
                0x0805d110                arch_apply_relocation
                0x0805d410                arch_init_module
 *fill*         0x0805d416        0xa 37008
 .text          0x0805d420      0x6a4 insmod/insmod.a(obj_reloc.o)
                0x0805d4c0                obj_symbol_patch
                0x0805d570                obj_allocate_commons
                0x0805da80                obj_create_image
                0x0805d420                obj_string_patch
                0x0805d500                obj_check_undefineds
                0x0805d7d0                obj_relocate
                0x0805d790                obj_load_size
 *fill*         0x0805dac4        0xc 37008
 .text          0x0805dad0       0x23 insmod/insmod.a(sys_nim.o)
                0x0805dad0                new_sys_init_module
 *fill*         0x0805daf3        0xd 37008
 .text          0x0805db00     0x3600 loadkeys/loadkeys.a(loadkeys.o)
                0x0805db00                YYYlex
                0x0805eae0                YYY_create_buffer
                0x0805ec30                YYY_scan_buffer
                0x0805ea20                YYYrestart
                0x0805f770                usage
                0x0805fca0                find_incl_file
                0x0805ede0                YYYparse
                0x0805f9f0                YYYerror
                0x0805fda0                open_include
                0x0805fb40                lk_pop
                0x0805fe40                lk_end_string
                0x0805fe20                lk_scan_string
                0x0805fa20                lkfatal
                0x0805ea60                YYY_switch_to_buffer
                0x0805faa0                lkfatal1
                0x0805f790                loadkeys_main
                0x0805ecd0                YYY_scan_string
                0x0805eb50                YYY_delete_buffer
                0x0805fe50                YYYwrap
                0x0805fbb0                find_standard_incl_file
                0x0805ecf0                YYY_scan_bytes
                0x0805faf0                lk_push
                0x0805ebf0                YYY_flush_buffer
                0x0805eb90                YYY_init_buffer
                0x0805eab0                YYY_load_buffer_state
                0x0805edd0                stringovfl
 .text          0x08061100      0x2cf loadkeys/loadkeys.a(ksyms.o)
                0x08061100                set_charset
                0x080611c0                ksymtocode
 *fill*         0x080613cf        0x1 37008
 .text          0x080613d0      0x12e loadkeys/loadkeys.a(findfile.o)
                0x080613d0                findfile
                0x080614b0                xstrdup
                0x080614f0                fpclose
 *fill*         0x080614fe        0x2 37008
 .text          0x08061500      0x104 loadkeys/loadkeys.a(getfd.o)
                0x080615a0                getfd
 *fill*         0x08061604        0xc 37008
 .text          0x08061610      0xade loadkeys/loadkeys.a(setfont.o)
                0x08061630                setfont_main
                0x08061aa0                do_loadfont
                0x080620d0                activatemap
                0x080620e0                disactivatemap
 *fill*         0x080620ee        0x2 37008
 .text          0x080620f0      0x65b loadkeys/loadkeys.a(mapscrn.o)
                0x08062680                saveoldmap
                0x080620f0                loadnewmap
 *fill*         0x0806274b        0x5 37008
 .text          0x08062750      0x61d loadkeys/loadkeys.a(loadunimap.o)
                0x08062750                getunicode
                0x080627e0                outlist
                0x08062930                loadunicodemap
                0x080628c0                addpair
 *fill*         0x08062d6d        0x3 37008
 .text          0x08062d70      0xbaa pcmcia/pcmcia.a(probe.o)
                0x08063540                tcic_probe_at
                0x08063640                tcic_probe
                0x08063140                i365_probe
                0x080637f0                probe_main
 *fill*         0x0806391a        0x6 37008
 .text          0x08063920     0x2780 pcmcia/pcmcia.a(cardmgr.o)
                0x080639e0                open_dev
                0x08065970                cardmgr_main
                0x08063a90                open_sock
 .text          0x080660a0     0x1323 pcmcia/pcmcia.a(lex_config.o)
                0x08066e90                yy_delete_buffer
                0x08066d60                yyrestart
                0x08066f70                yy_scan_buffer
                0x08066df0                yy_load_buffer_state
                0x08066e20                yy_create_buffer
                0x08067350                parse_configfile
                0x08067110                yywrap
                0x08066f30                yy_flush_buffer
                0x08067010                yy_scan_string
                0x08067030                yy_scan_bytes
                0x08066da0                yy_switch_to_buffer
                0x08066ed0                yy_init_buffer
                0x080660a0                yylex
 *fill*         0x080673c3        0xd 37008
 .text          0x080673d0      0xf1a pcmcia/pcmcia.a(yacc_config.o)
                0x08067540                yyparse
                0x080673d0                yyerror
 *fill*         0x080682ea        0x6 37008
 .text          0x080682f0      0xb83 portmap/portmap.a(portmap.o)
                0x080685e0                perror
                0x080682f0                portmap_main
                0x08068640                reg_service
                0x08068e60                reap
 *fill*         0x08068e73        0xd 37008
 .text          0x08068e80      0x2b8 portmap/portmap.a(pmap_check.o)
                0x08068fa0                check_callit
                0x08068ec0                check_default
                0x08068e80                check_startup
                0x08068f10                check_setunset
                0x08068f00                check_privileged_port
 *fill*         0x08069138        0x8 37008
 .text          0x08069140      0x29f portmap/portmap.a(from_local.o)
                0x080691e0                find_local
                0x08069370                from_local
 *fill*         0x080693df        0x1 37008
 .text          0x080693e0      0xd83 libc/mini-libc.a(genops.o)
                0x08069ee0                _IO_remove_marker
                0x08069420                _IO_link_in
                0x08069cc0                _IO_sputbackc
                0x08069c50                _IO_default_finish
                0x08069b70                _IO_default_doallocate
                0x08069c40                _IO_default_sync
                0x08069e80                _cleanup
                0x080699f0                _IO_default_xsgetn
                0x08069d90                _IO_get_column
                0x080699d0                _IO_sgetn
                0x08069e90                _IO_init_marker
                0x08069e10                _IO_flush_all_linebuffered
                0x080698c0                _IO_default_underflow
                0x08069910                _IO_default_xsputn
                0x08069ab0                _IO_default_setbuf
                0x08069d00                _IO_sungetc
                0x08069580                __overflow
                0x08069fd0                _IO_unsave_markers
                0x08069aa0                _IO_sync
                0x0806a160                _IO_default_write
                0x0806a150                _IO_default_read
                0x08069e80                _IO_cleanup
                0x08069b50                _IO_default_seekpos
                0x08069dd0                _IO_flush_all
                0x08069d60                _IO_adjust_column
                0x08069f30                _IO_marker_delta
                0x08069e50                _IO_unbuffer_all
                0x0806a140                _IO_default_stat
                0x08069f10                _IO_marker_difference
                0x08069540                _IO_free_backup_area
                0x08069710                __underflow
                0x080698d0                _IO_default_uflow
                0x080697a0                __uflow
                0x08069440                _IO_least_marker
                0x08069830                _IO_setb
                0x08069d40                _IO_set_column
                0x080694d0                _IO_switch_to_get_mode
                0x08069cb0                _IO_default_seekoff
                0x08069880                _IO_doallocbuf
                0x0806a000                _IO_nobackup_pbackfail
                0x080694a0                _IO_switch_to_backup_area
                0x08069bc0                _IO_init
                0x0806a130                _IO_default_seek
                0x080693e0                _IO_un_link
                0x0806a030                _IO_default_pbackfail
                0x08069470                _IO_switch_to_main_get_area
                0x08069f70                _IO_seekmark
 *fill*         0x0806a163        0xd 37008
 .text          0x0806a170       0x94 libc/mini-libc.a(iofclose.o)
                0x0806a170                _IO_fclose
                0x0806a170                fclose
 *fill*         0x0806a204        0xc 37008
 .text          0x0806a210       0x4a libc/mini-libc.a(iofflush.o)
                0x0806a210                _IO_fflush
                0x0806a210                fflush
 *fill*         0x0806a25a        0x6 37008
 .text          0x0806a260       0x8c libc/mini-libc.a(iofgets.o)
                0x0806a260                fgets
                0x0806a260                _IO_fgets
                0x0806a260                fgets_unlocked
 *fill*         0x0806a2ec        0x4 37008
 .text          0x0806a2f0       0x76 libc/mini-libc.a(iofopen.o)
                0x0806a2f0                setmntent
                0x0806a2f0                fopen
                0x0806a2f0                _IO_fopen
 *fill*         0x0806a366        0xa 37008
 .text          0x0806a370       0x18 libc/mini-libc.a(iofprintf.o)
                0x0806a370                fprintf
                0x0806a370                _IO_fprintf
 *fill*         0x0806a388        0x8 37008
 .text          0x0806a390       0x78 libc/mini-libc.a(iofputs.o)
                0x0806a390                _IO_fputs
                0x0806a390                fputs
 *fill*         0x0806a408        0x8 37008
 .text          0x0806a410       0x76 libc/mini-libc.a(iofread.o)
                0x0806a410                _IO_fread
                0x0806a410                fread
                0x0806a410                fread_unlocked
 *fill*         0x0806a486        0xa 37008
 .text          0x0806a490       0x1a libc/mini-libc.a(iofscanf.o)
                0x0806a490                fscanf
                0x0806a490                _IO_fscanf
 *fill*         0x0806a4aa        0x6 37008
 .text          0x0806a4b0       0x76 libc/mini-libc.a(iofwrite.o)
                0x0806a4b0                _IO_fwrite
                0x0806a4b0                fwrite
 *fill*         0x0806a526        0xa 37008
 .text          0x0806a530       0xd1 libc/mini-libc.a(iogetline.o)
                0x0806a530                _IO_getline
 *fill*         0x0806a601        0xf 37008
 .text          0x0806a610      0x264 libc/mini-libc.a(iopopen.o)
                0x0806a750                popen
                0x0806a750                _IO_popen
                0x0806a610                _IO_proc_open
                0x0806a7d0                _IO_proc_close
 *fill*         0x0806a874        0xc 37008
 .text          0x0806a880       0x18 libc/mini-libc.a(ioprintf.o)
                0x0806a880                printf
                0x0806a880                _IO_printf
 *fill*         0x0806a898        0x8 37008
 .text          0x0806a8a0       0x18 libc/mini-libc.a(iosprintf.o)
                0x0806a8a0                sprintf
                0x0806a8a0                _IO_sprintf
 *fill*         0x0806a8b8        0x8 37008
 .text          0x0806a8c0       0x18 libc/mini-libc.a(iosscanf.o)
                0x0806a8c0                sscanf
                0x0806a8c0                _IO_sscanf
 *fill*         0x0806a8d8        0x8 37008
 .text          0x0806a8e0     0x37bc libc/mini-libc.a(iovfprintf.o)
                0x0806a8e0                _IO_vfprintf
                0x0806a8e0                vfprintf
 *fill*         0x0806e09c        0x4 37008
 .text          0x0806e0a0     0x17ca libc/mini-libc.a(iovfscanf.o)
                0x0806e0a0                _IO_vfscanf
                0x0806f850                vfscanf
                0x0806f850                __vfscanf
 *fill*         0x0806f86a        0x6 37008
 .text          0x0806f870       0x71 libc/mini-libc.a(iovsprintf.o)
                0x0806f870                vsprintf
                0x0806f870                _IO_vsprintf
 *fill*         0x0806f8e1        0xf 37008
 .text          0x0806f8f0       0x47 libc/mini-libc.a(iovsscanf.o)
                0x0806f8f0                vsscanf
                0x0806f8f0                _IO_vsscanf
 *fill*         0x0806f937        0x1 37008
 *fill*         0x0806f938        0x8 37008
 .text          0x0806f940      0x39e libc/mini-libc.a(strops.o)
                0x0806fa10                _IO_str_init_readonly
                0x0806fbd0                _IO_str_seekoff
                0x0806fc80                _IO_str_pbackfail
                0x0806fcb0                _IO_str_finish
                0x0806fa30                _IO_str_overflow
                0x0806f940                _IO_str_init_static
                0x0806fbb0                _IO_str_count
                0x0806fb60                _IO_str_underflow
 *fill*         0x0806fcde        0x2 37008
 .text          0x0806fce0       0x50 libc/mini-libc.a(feof.o)
                0x0806fce0                feof
 .text          0x0806fd30       0x50 libc/mini-libc.a(ferror.o)
                0x0806fd30                _IO_ferror
                0x0806fd30                ferror
 .text          0x0806fd80       0x46 libc/mini-libc.a(fileno.o)
                0x0806fd80                fileno
 *fill*         0x0806fdc6        0xa 37008
 .text          0x0806fdd0       0x5e libc/mini-libc.a(fputc.o)
                0x0806fdd0                fputc
 *fill*         0x0806fe2e        0x2 37008
 .text          0x0806fe30       0x66 libc/mini-libc.a(freopen.o)
                0x0806fe30                freopen
 *fill*         0x0806fe96        0xa 37008
 .text          0x0806fea0       0x5b libc/mini-libc.a(fseek.o)
                0x0806fea0                fseek
 *fill*         0x0806fefb        0x5 37008
 .text          0x0806ff00        0xe libc/mini-libc.a(pclose.o)
                0x0806ff00                pclose
 *fill*         0x0806ff0e        0x2 37008
 .text          0x0806ff10       0x40 libc/mini-libc.a(reg-printf.o)
                0x0806ff10                register_printf_function
 .text          0x0806ff50       0x1f libc/mini-libc.a(snprintf.o)
                0x0806ff50                snprintf
                0x0806ff50                __snprintf
 *fill*         0x0806ff6f        0x1 37008
 .text          0x0806ff70       0x36 libc/mini-libc.a(tmpnam.o)
                0x0806ff70                tmpnam
 *fill*         0x0806ffa6        0xa 37008
 .text          0x0806ffb0       0x56 libc/mini-libc.a(vsnprintf.o)
                0x0806ffb0                vsnprintf
                0x0806ffb0                _IO_vsnprintf
                0x0806ffb0                __vsnprintf
 *fill*         0x08070006        0xa 37008
 .text          0x08070010       0x60 libc/mini-libc.a(abort.o)
                0x08070010                abort
 .text          0x08070070      0x27a libc/mini-libc.a(strtol.o)
                0x08070070                __strtol_internal
                0x080702d0                strtol
 *fill*         0x080702ea        0x6 37008
 .text          0x080702f0      0x24a libc/mini-libc.a(strtoul.o)
                0x08070520                strtoul
                0x080702f0                __strtoul_internal
 *fill*         0x0807053a        0x6 37008
 .text          0x08070540      0x37a libc/mini-libc.a(strtoll.o)
                0x08070540                __strtoll_internal
                0x080708a0                strtoll
                0x080708a0                __strtoll
 *fill*         0x080708ba        0x6 37008
 .text          0x080708c0      0x32a libc/mini-libc.a(strtoull.o)
                0x080708c0                __strtoull_internal
                0x08070bd0                strtoull
                0x08070bd0                __strtoull
 *fill*         0x08070bea        0x6 37008
 .text          0x08070bf0       0x13 libc/mini-libc.a(strerror.o)
                0x08070bf0                strerror
 *fill*         0x08070c03        0xd 37008
 .text          0x08070c10       0x39 libc/mini-libc.a(_strerror.o)
                0x08070c10                _strerror_internal
 *fill*         0x08070c49        0x7 37008
 .text          0x08070c50       0x25 libc/mini-libc.a(minimal.o)
                0x08070c70                __dcgettext
                0x08070c50                __force_mini_libc_symbols
 *fill*         0x08070c75        0xb 37008
 .text          0x08070c80      0x434 libc/mini-libc.a(syslog.o)
                0x08070fd0                openlog
                0x08071090                closelog
                0x08070cf0                syslog
                0x080710a0                setlogmask
                0x08070d10                vsyslog
 *fill*         0x080710b4        0xc 37008
 .text          0x080710c0       0xa6 libc/mini-libc.a(filedoalloc.o)
                0x080710c0                _IO_file_doallocate
 *fill*         0x08071166        0xa 37008
 .text          0x08071170      0xb0d libc/mini-libc.a(fileops.o)
                0x08071250                _IO_file_finish
                0x08071730                _IO_file_sync
                0x08071ab0                _IO_file_write
                0x08071a50                _IO_file_seek
                0x08071a90                _IO_file_close
                0x080717a0                _IO_file_seekoff
                0x08071420                _IO_file_setbuf
                0x080711a0                _IO_file_close_it
                0x08071a70                _IO_file_stat
                0x08071550                _IO_file_underflow
                0x08071620                _IO_file_overflow
                0x08071b10                _IO_file_xsputn
                0x08071170                _IO_file_init
                0x08071290                _IO_file_fopen
                0x08071a30                _IO_file_read
                0x080713c0                _IO_file_attach
                0x08071470                _IO_do_write
 *fill*         0x08071c7d        0x3 37008
 .text          0x08071c80       0x98 libc/mini-libc.a(iopadn.o)
                0x08071c80                _IO_padn
 *fill*         0x08071d18        0x8 37008
 .text          0x08071d20       0x4a libc/mini-libc.a(ioseekoff.o)
                0x08071d20                _IO_seekoff
 *fill*         0x08071d6a        0x6 37008
 .text          0x08071d70      0x4ca libc/mini-libc.a(iotempname.o)
                0x08071e80                _IO_gen_tempname
 *fill*         0x0807223a        0x6 37008
 .text          0x08072240       0x56 libc/mini-libc.a(ioungetc.o)
                0x08072240                ungetc
                0x08072240                _IO_ungetc
 *fill*         0x08072296        0x2 37008
 *fill*         0x08072298        0x8 37008
 .text          0x080722a0      0x141 libc/mini-libc.a(iofdopen.o)
                0x080722a0                _IO_fdopen
                0x080722a0                fdopen
 *fill*         0x080723e1        0xf 37008
 .text          0x080723f0      0x134 /usr/lib/gcc-lib/i486-linux/2.7.2.3/libgcc.a(_udivdi3.o)
                0x080723f0                __udivdi3
 *fill*         0x08072524        0xc 37008
 .text          0x08072530      0x17d /usr/lib/gcc-lib/i486-linux/2.7.2.3/libgcc.a(_umoddi3.o)
                0x08072530                __umoddi3
 *fill*         0x080726ad        0x3 37008
 .text          0x080726b0      0x112 /usr/lib/libc.a(libc-start.o)
                0x080726b0                __libc_start_main
 *fill*         0x080727c2        0xe 37008
 .text          0x080727d0       0x11 /usr/lib/libc.a(sysdep.o)
                0x080727d2                __syscall_error_1
                0x080727d0                __syscall_error
 *fill*         0x080727e1        0xf 37008
 .text          0x080727f0        0xc /usr/lib/libc.a(errno-loc.o)
                0x080727f0                __errno_location
 *fill*         0x080727fc        0x4 37008
 .text          0x08072800      0x10d /usr/lib/libc.a(assert.o)
                0x08072800                __assert_fail
 *fill*         0x0807290d        0x3 37008
 .text          0x08072910       0xaf /usr/lib/libc.a(signal.o)
                0x08072910                __bsd_signal
                0x08072910                ssignal
                0x08072910                bsd_signal
                0x08072910                signal
 *fill*         0x080729bf        0x1 37008
 .text          0x080729c0       0x16 /usr/lib/libc.a(raise.o)
                0x080729c0                gsignal
                0x080729c0                raise
 *fill*         0x080729d6        0xa 37008
 .text          0x080729e0      0x220 /usr/lib/libc.a(sigaction.o)
                0x080729e0                sigaction
                0x080729e0                __sigaction
 .text          0x08072c00       0xa8 /usr/lib/libc.a(sigprocmask.o)
                0x08072c00                __sigprocmask
                0x08072c00                sigprocmask
 *fill*         0x08072ca8        0x8 37008
 .text          0x08072cb0       0x1f /usr/lib/libc.a(kill.o)
                0x08072cb0                __kill
                0x08072cb0                kill
 *fill*         0x08072ccf        0x1 37008
 .text          0x08072cd0       0x9f /usr/lib/libc.a(sigintr.o)
                0x08072cd0                siginterrupt
 *fill*         0x08072d6f        0x1 37008
 .text          0x08072d70       0x37 /usr/lib/libc.a(sigempty.o)
                0x08072d70                sigemptyset
 *fill*         0x08072da7        0x9 37008
 .text          0x08072db0       0x4e /usr/lib/libc.a(sigaddset.o)
                0x08072db0                sigaddset
 *fill*         0x08072dfe        0x2 37008
 .text          0x08072e00      0x1fd /usr/lib/libc.a(msort.o)
                0x08072f60                qsort
 *fill*         0x08072ffd        0x3 37008
 .text          0x08073000       0xe4 /usr/lib/libc.a(getenv.o)
                0x08073000                getenv
 *fill*         0x080730e4        0xc 37008
 .text          0x080730f0       0x82 /usr/lib/libc.a(putenv.o)
                0x080730f0                putenv
 *fill*         0x08073172        0xe 37008
 .text          0x08073180      0x420 /usr/lib/libc.a(setenv.o)
                0x080734a0                unsetenv
                0x08073180                __add_to_environ
                0x08073540                clearenv
                0x08073480                setenv
                0x08073480                __setenv
                0x08073540                __clearenv
                0x080734a0                __unsetenv
 .text          0x080735a0       0x1d /usr/lib/libc.a(secure-getenv.o)
                0x080735a0                __secure_getenv
 *fill*         0x080735bd        0x3 37008
 .text          0x080735c0       0xa1 /usr/lib/libc.a(exit.o)
                0x080735c0                exit
 *fill*         0x08073661        0xf 37008
 .text          0x08073670       0xfb /usr/lib/libc.a(atexit.o)
                0x080736a0                __new_exitfn
                0x08073670                atexit
 *fill*         0x0807376b        0x5 37008
 .text          0x08073770      0x157 /usr/lib/libc.a(random.o)
                0x08073880                random
                0x08073880                __random
                0x080737c0                __initstate
                0x08073770                __srandom
                0x08073820                setstate
                0x08073770                srand
                0x080737c0                initstate
                0x08073820                __setstate
                0x08073770                srandom
 *fill*         0x080738c7        0x9 37008
 .text          0x080738d0      0x38f /usr/lib/libc.a(random_r.o)
                0x08073ae0                __setstate_r
                0x08073ae0                setstate_r
                0x08073bc0                random_r
                0x080738d0                srandom_r
                0x080738d0                __srandom_r
                0x08073bc0                __random_r
                0x080739f0                __initstate_r
                0x080739f0                initstate_r
 *fill*         0x08073c5f        0x1 37008
 .text          0x08073c60        0xc /usr/lib/libc.a(rand.o)
                0x08073c60                rand
 *fill*         0x08073c6c        0x4 37008
 .text          0x08073c70      0x24d /usr/lib/libc.a(system.o)
                0x08073c70                system
                0x08073c70                __libc_system
 *fill*         0x08073ebd        0x3 37008
 .text          0x08073ec0      0x212 /usr/lib/libc.a(_itoa.o)
                0x08073ec0                _itoa
 *fill*         0x080740d2        0x2 37008
 *fill*         0x080740d4        0xc 37008
 .text          0x080740e0       0x1f /usr/lib/libc.a(rename.o)
                0x080740e0                rename
 *fill*         0x080740ff        0x1 37008
 .text          0x08074100     0x362e /usr/lib/libc.a(malloc.o)
                0x08076940                malloc_get_state
                0x08075450                __cfree
                0x080761a0                __calloc
                0x08076750                malloc_stats
                0x08076840                __mallinfo
                0x08075ef0                __libc_memalign
                0x08075ef0                __memalign
                0x080763d0                __malloc_trim
                0x08074a80                malloc
                0x08076180                pvalloc
                0x08076840                __libc_mallinfo
                0x08075820                __libc_realloc
                0x080761a0                calloc
                0x08076610                malloc_usable_size
                0x08076180                __libc_pvalloc
                0x08076160                __libc_valloc
                0x08074a80                __malloc
                0x08075450                __free
                0x08076a90                malloc_set_state
                0x08074a80                __libc_malloc
                0x08075450                __libc_free
                0x08076180                __pvalloc
                0x08075820                realloc
                0x080768b0                __libc_mallopt
                0x080763d0                malloc_trim
                0x080768b0                mallopt
                0x080745b0                __malloc_check_init
                0x08075ef0                memalign
                0x08075450                cfree
                0x08076160                valloc
                0x08076840                mallinfo
                0x080761a0                __libc_calloc
                0x08076610                __malloc_usable_size
                0x08076a90                __malloc_set_state
                0x08075820                __realloc
                0x080768b0                __mallopt
                0x08076940                __malloc_get_state
                0x08076750                __malloc_stats
                0x08076160                __valloc
                0x08075450                free
 *fill*         0x0807772e        0x2 37008
 .text          0x08077730       0x17 /usr/lib/libc.a(morecore.o)
                0x08077730                __default_morecore
 *fill*         0x08077747        0x9 37008
 .text          0x08077750       0x2b /usr/lib/libc.a(strcat.o)
                0x08077750                strcat
 *fill*         0x0807777b        0x5 37008
 .text          0x08077780      0x167 /usr/lib/libc.a(strchr.o)
                0x08077780                index
                0x08077780                strchr
 *fill*         0x080778e7        0x9 37008
 .text          0x080778f0       0x2d /usr/lib/libc.a(strcmp.o)
                0x080778f0                strcmp
 *fill*         0x0807791d        0x3 37008
 .text          0x08077920       0x23 /usr/lib/libc.a(strcpy.o)
                0x08077920                strcpy
 *fill*         0x08077943        0xd 37008
 .text          0x08077950       0x4b /usr/lib/libc.a(strdup.o)
                0x08077950                __strdup
                0x08077950                strdup
 *fill*         0x0807799b        0x5 37008
 .text          0x080779a0       0x8b /usr/lib/libc.a(strncmp.o)
                0x080779a0                strncmp
 *fill*         0x08077a2b        0x5 37008
 .text          0x08077a30       0x8b /usr/lib/libc.a(strncpy.o)
                0x08077a30                strncpy
 *fill*         0x08077abb        0x5 37008
 .text          0x08077ac0      0x1b9 /usr/lib/libc.a(strrchr.o)
                0x08077ac0                strrchr
                0x08077ac0                rindex
 *fill*         0x08077c79        0x7 37008
 .text          0x08077c80       0xae /usr/lib/libc.a(strspn.o)
                0x08077c80                strspn
 *fill*         0x08077d2e        0x2 37008
 .text          0x08077d30       0xcc /usr/lib/libc.a(strstr.o)
                0x08077d30                strstr
 *fill*         0x08077dfc        0x4 37008
 .text          0x08077e00       0xf6 /usr/lib/libc.a(strtok.o)
                0x08077e00                strtok
 *fill*         0x08077ef6        0xa 37008
 .text          0x08077f00      0x19b /usr/lib/libc.a(memchr.o)
                0x08077f00                memchr
 *fill*         0x0807809b        0x5 37008
 .text          0x080780a0       0x84 /usr/lib/libc.a(memmove.o)
                0x080780a0                memmove
 *fill*         0x08078124        0xc 37008
 .text          0x08078130       0x4e /usr/lib/libc.a(memset.o)
                0x08078130                memset
 *fill*         0x0807817e        0x2 37008
 .text          0x08078180       0x3c /usr/lib/libc.a(mempcpy.o)
                0x08078180                mempcpy
                0x08078180                __mempcpy
 *fill*         0x080781bc        0x4 37008
 .text          0x080781c0       0x37 /usr/lib/libc.a(bzero.o)
                0x080781c0                __bzero
                0x080781c0                bzero
 *fill*         0x080781f7        0x9 37008
 .text          0x08078200       0x41 /usr/lib/libc.a(stpcpy.o)
                0x08078200                stpcpy
                0x08078200                __stpcpy
 *fill*         0x08078241        0xf 37008
 .text          0x08078250       0x5a /usr/lib/libc.a(strcasecmp.o)
                0x08078250                strcasecmp
                0x08078250                __strcasecmp
 *fill*         0x080782aa        0x6 37008
 .text          0x080782b0       0x5e /usr/lib/libc.a(strncase.o)
                0x080782b0                __strncasecmp
                0x080782b0                strncasecmp
 *fill*         0x0807830e        0x2 37008
 .text          0x08078310       0x41 /usr/lib/libc.a(memcpy.o)
                0x08078310                memcpy
 *fill*         0x08078351        0xf 37008
 .text          0x08078360       0xc6 /usr/lib/libc.a(rawmemchr.o)
                0x08078360                __rawmemchr
                0x08078360                rawmemchr
 *fill*         0x08078426        0xa 37008
 .text          0x08078430       0x16 /usr/lib/libc.a(ctime.o)
                0x08078430                ctime
 *fill*         0x08078446        0xa 37008
 .text          0x08078450       0x37 /usr/lib/libc.a(gmtime.o)
                0x08078450                gmtime_r
                0x08078450                __gmtime_r
                0x08078470                gmtime
 *fill*         0x08078487        0x9 37008
 .text          0x08078490       0x37 /usr/lib/libc.a(localtime.o)
                0x08078490                __localtime_r
                0x080784b0                localtime
                0x08078490                localtime_r
 *fill*         0x080784c7        0x9 37008
 .text          0x080784d0       0x25 /usr/lib/libc.a(time.o)
                0x080784d0                time
 *fill*         0x080784f5        0xb 37008
 .text          0x08078500       0x1f /usr/lib/libc.a(gettimeofday.o)
                0x08078500                __gettimeofday
                0x08078500                gettimeofday
 *fill*         0x0807851f        0x1 37008
 .text          0x08078520      0xf11 /usr/lib/libc.a(tzset.o)
                0x08079270                __tzset
                0x08078df0                __tzname_max
                0x080792d0                __tz_convert
                0x08078520                __tzstring
                0x08079270                tzset
 *fill*         0x08079431        0xf 37008
 .text          0x08079440      0xd0b /usr/lib/libc.a(tzfile.o)
                0x08079cd0                __tzfile_default
                0x08079ef0                __tzfile_compute
                0x08079440                __tzfile_read
 *fill*         0x0807a14b        0x5 37008
 .text          0x0807a150       0x21 /usr/lib/libc.a(setitimer.o)
                0x0807a150                setitimer
                0x0807a150                __setitimer
 *fill*         0x0807a171        0xf 37008
 .text          0x0807a180      0x1bb /usr/lib/libc.a(opendir.o)
                0x0807a200                __opendir
                0x0807a200                opendir
 *fill*         0x0807a33b        0x5 37008
 .text          0x0807a340       0x61 /usr/lib/libc.a(closedir.o)
                0x0807a340                __closedir
                0x0807a340                closedir
 *fill*         0x0807a3a1        0xf 37008
 .text          0x0807a3b0       0x85 /usr/lib/libc.a(readdir.o)
                0x0807a3b0                readdir
                0x0807a3b0                __readdir
 *fill*         0x0807a435        0xb 37008
 .text          0x0807a440      0x137 /usr/lib/libc.a(getdents.o)
                0x0807a440                __getdents
 *fill*         0x0807a577        0x9 37008
 .text          0x0807a580      0x11b /usr/lib/libc.a(getpwuid.o)
                0x0807a580                getpwuid
 *fill*         0x0807a69b        0x5 37008
 .text          0x0807a6a0      0x19c /usr/lib/libc.a(getpwuid_r.o)
                0x0807a6a0                getpwuid_r
                0x0807a6a0                __getpwuid_r
 *fill*         0x0807a83c        0x4 37008
 .text          0x0807a840       0x1b /usr/lib/libc.a(uname.o)
                0x0807a840                uname
 *fill*         0x0807a85b        0x5 37008
 .text          0x0807a860       0x1a /usr/lib/libc.a(waitpid.o)
                0x0807a860                waitpid
                0x0807a860                __libc_waitpid
                0x0807a860                __waitpid
 *fill*         0x0807a87a        0x6 37008
 .text          0x0807a880       0x1a /usr/lib/libc.a(wait3.o)
                0x0807a880                __wait3
                0x0807a880                wait3
 *fill*         0x0807a89a        0x6 37008
 .text          0x0807a8a0       0x27 /usr/lib/libc.a(wait4.o)
                0x0807a8a0                __wait4
                0x0807a8a0                wait4
 *fill*         0x0807a8c7        0x9 37008
 .text          0x0807a8d0      0x141 /usr/lib/libc.a(sleep.o)
                0x0807a8d0                sleep
                0x0807a8d0                __sleep
 *fill*         0x0807aa11        0xf 37008
 .text          0x0807aa20       0x1f /usr/lib/libc.a(nanosleep.o)
                0x0807aa20                __libc_nanosleep
                0x0807aa20                nanosleep
                0x0807aa20                __nanosleep
 *fill*         0x0807aa3f        0x1 37008
 .text          0x0807aa40       0x13 /usr/lib/libc.a(fork.o)
                0x0807aa40                fork
                0x0807aa40                __libc_fork
                0x0807aa40                __fork
 *fill*         0x0807aa53        0xd 37008
 .text          0x0807aa60       0x2e /usr/lib/libc.a(vfork.o)
                0x0807aa60                __vfork
                0x0807aa60                vfork
 *fill*         0x0807aa8e        0x2 37008
 .text          0x0807aa90       0x1a /usr/lib/libc.a(_exit.o)
                0x0807aa90                _Exit
                0x0807aa90                _exit
 *fill*         0x0807aaaa        0x6 37008
 .text          0x0807aab0       0x4a /usr/lib/libc.a(execve.o)
                0x0807aab0                execve
                0x0807aab0                __execve
 *fill*         0x0807aafa        0x6 37008
 .text          0x0807ab00       0x89 /usr/lib/libc.a(execl.o)
                0x0807ab00                execl
 *fill*         0x0807ab89        0x7 37008
 .text          0x0807ab90       0x13 /usr/lib/libc.a(getpid.o)
                0x0807ab90                __getpid
                0x0807ab90                getpid
 *fill*         0x0807aba3        0xd 37008
 .text          0x0807abb0       0x13 /usr/lib/libc.a(getuid.o)
                0x0807abb0                getuid
                0x0807abb0                __getuid
 *fill*         0x0807abc3        0xd 37008
 .text          0x0807abd0       0x13 /usr/lib/libc.a(geteuid.o)
                0x0807abd0                geteuid
                0x0807abd0                __geteuid
 *fill*         0x0807abe3        0xd 37008
 .text          0x0807abf0       0x13 /usr/lib/libc.a(getegid.o)
                0x0807abf0                getegid
                0x0807abf0                __getegid
 *fill*         0x0807ac03        0xd 37008
 .text          0x0807ac10       0x5c /usr/lib/libc.a(setuid.o)
                0x0807ac10                __setuid
                0x0807ac10                setuid
 *fill*         0x0807ac6c        0x4 37008
 .text          0x0807ac70       0x13 /usr/lib/libc.a(setsid.o)
                0x0807ac70                __setsid
                0x0807ac70                setsid
 *fill*         0x0807ac83        0xd 37008
 .text          0x0807ac90     0x12fe /usr/lib/libc.a(getopt.o)
                0x0807b010                _getopt_internal
                0x0807bf70                getopt
 *fill*         0x0807bf8e        0x2 37008
 .text          0x0807bf90       0x59 /usr/lib/libc.a(getopt1.o)
                0x0807bf90                getopt_long
                0x0807bfc0                getopt_long_only
 *fill*         0x0807bfe9        0x7 37008
 .text          0x0807bff0       0xa2 /usr/lib/libc.a(getopt_init.o)
                0x0807bff0                __getopt_clean_environment
 *fill*         0x0807c092        0x2 37008
 *fill*         0x0807c094        0xc 37008
 .text          0x0807c0a0      0x18e /usr/lib/libc.a(xstat.o)
                0x0807c0a0                _xstat
                0x0807c0a0                __xstat
 *fill*         0x0807c22e        0x2 37008
 .text          0x0807c230      0x18e /usr/lib/libc.a(fxstat.o)
                0x0807c230                _fxstat
                0x0807c230                __fxstat
 *fill*         0x0807c3be        0x2 37008
 .text          0x0807c3c0       0x81 /usr/lib/libc.a(xmknod.o)
                0x0807c3c0                _xmknod
                0x0807c3c0                __xmknod
 *fill*         0x0807c441        0xf 37008
 .text          0x0807c450       0x1f /usr/lib/libc.a(mkdir.o)
                0x0807c450                __mkdir
                0x0807c450                mkdir
 *fill*         0x0807c46f        0x1 37008
 .text          0x0807c470       0x21 /usr/lib/libc.a(open.o)
                0x0807c470                __open
                0x0807c470                __libc_open
                0x0807c470                open
 *fill*         0x0807c491        0xf 37008
 .text          0x0807c4a0       0x1b /usr/lib/libc.a(close.o)
                0x0807c4a0                __libc_close
                0x0807c4a0                __close
                0x0807c4a0                close
 *fill*         0x0807c4bb        0x5 37008
 .text          0x0807c4c0       0x21 /usr/lib/libc.a(read.o)
                0x0807c4c0                __read
                0x0807c4c0                __libc_read
                0x0807c4c0                read
 *fill*         0x0807c4e1        0xf 37008
 .text          0x0807c4f0       0x21 /usr/lib/libc.a(write.o)
                0x0807c4f0                __write
                0x0807c4f0                write
                0x0807c4f0                __libc_write
 *fill*         0x0807c511        0xf 37008
 .text          0x0807c520       0x21 /usr/lib/libc.a(lseek.o)
                0x0807c520                lseek
                0x0807c520                __lseek
                0x0807c520                __libc_lseek
 *fill*         0x0807c541        0xf 37008
 .text          0x0807c550       0x1f /usr/lib/libc.a(access.o)
                0x0807c550                access
                0x0807c550                __access
 *fill*         0x0807c56f        0x1 37008
 .text          0x0807c570       0x21 /usr/lib/libc.a(fcntl.o)
                0x0807c570                __libc_fcntl
                0x0807c570                __fcntl
                0x0807c570                fcntl
 *fill*         0x0807c591        0xf 37008
 .text          0x0807c5a0       0x1f /usr/lib/libc.a(flock.o)
                0x0807c5a0                flock
                0x0807c5a0                __flock
 *fill*         0x0807c5bf        0x1 37008
 .text          0x0807c5c0       0x1b /usr/lib/libc.a(dup.o)
                0x0807c5c0                __dup
                0x0807c5c0                dup
 *fill*         0x0807c5db        0x5 37008
 .text          0x0807c5e0       0x1f /usr/lib/libc.a(dup2.o)
                0x0807c5e0                __dup2
                0x0807c5e0                dup2
 *fill*         0x0807c5ff        0x1 37008
 .text          0x0807c600       0x1b /usr/lib/libc.a(pipe.o)
                0x0807c600                pipe
                0x0807c600                __pipe
 *fill*         0x0807c61b        0x5 37008
 .text          0x0807c620       0x1b /usr/lib/libc.a(chdir.o)
                0x0807c620                chdir
                0x0807c620                __chdir
 *fill*         0x0807c63b        0x5 37008
 .text          0x0807c640       0x21 /usr/lib/libc.a(isatty.o)
                0x0807c640                isatty
                0x0807c640                __isatty
 *fill*         0x0807c661        0xf 37008
 .text          0x0807c670       0x1f /usr/lib/libc.a(symlink.o)
                0x0807c670                __symlink
                0x0807c670                symlink
 *fill*         0x0807c68f        0x1 37008
 .text          0x0807c690       0x1b /usr/lib/libc.a(unlink.o)
                0x0807c690                __unlink
                0x0807c690                unlink
 *fill*         0x0807c6ab        0x5 37008
 .text          0x0807c6b0       0x1b /usr/lib/libc.a(rmdir.o)
                0x0807c6b0                rmdir
                0x0807c6b0                __rmdir
 *fill*         0x0807c6cb        0x5 37008
 .text          0x0807c6d0      0x159 /usr/lib/libc.a(tcsetattr.o)
                0x0807c6d0                tcsetattr
 *fill*         0x0807c829        0x7 37008
 .text          0x0807c830       0x71 /usr/lib/libc.a(tcgetattr.o)
                0x0807c830                __tcgetattr
                0x0807c830                tcgetattr
 *fill*         0x0807c8a1        0xf 37008
 .text          0x0807c8b0       0x6e /usr/lib/libc.a(sbrk.o)
                0x0807c8b0                sbrk
                0x0807c8b0                __sbrk
 *fill*         0x0807c91e        0x2 37008
 .text          0x0807c920       0x21 /usr/lib/libc.a(ioctl.o)
                0x0807c920                ioctl
                0x0807c920                __ioctl
 *fill*         0x0807c941        0xf 37008
 .text          0x0807c950        0xc /usr/lib/libc.a(getpagesize.o)
                0x0807c950                getpagesize
                0x0807c950                __getpagesize
 *fill*         0x0807c95c        0x4 37008
 .text          0x0807c960       0x2d /usr/lib/libc.a(select.o)
                0x0807c960                __select
                0x0807c960                select
 *fill*         0x0807c98d        0x3 37008
 .text          0x0807c990       0x13 /usr/lib/libc.a(sync.o)
                0x0807c990                sync
 *fill*         0x0807c9a3        0xd 37008
 .text          0x0807c9b0       0x40 /usr/lib/libc.a(reboot.o)
                0x0807c9b0                reboot
 .text          0x0807c9f0       0x1b /usr/lib/libc.a(swapoff.o)
                0x0807c9f0                swapoff
                0x0807c9f0                __swapoff
 *fill*         0x0807ca0b        0x5 37008
 .text          0x0807ca10       0x51 /usr/lib/libc.a(usleep.o)
                0x0807ca10                usleep
 *fill*         0x0807ca61        0xf 37008
 .text          0x0807ca70       0x8a /usr/lib/libc.a(daemon.o)
                0x0807ca70                daemon
 *fill*         0x0807cafa        0x6 37008
 .text          0x0807cb00       0x1b /usr/lib/libc.a(mmap.o)
                0x0807cb00                __mmap
                0x0807cb00                mmap
                0x0807cb00                mmap64
 *fill*         0x0807cb1b        0x5 37008
 .text          0x0807cb20       0x1f /usr/lib/libc.a(munmap.o)
                0x0807cb20                munmap
                0x0807cb20                __munmap
 *fill*         0x0807cb3f        0x1 37008
 .text          0x0807cb40       0x21 /usr/lib/libc.a(mprotect.o)
                0x0807cb40                __mprotect
                0x0807cb40                mprotect
 *fill*         0x0807cb61        0xf 37008
 .text          0x0807cb70      0x7b6 /usr/lib/libc.a(tsearch.o)
                0x0807ccb0                tsearch
                0x0807ccb0                __tsearch
                0x0807d310                __tdestroy
                0x0807ce40                tdelete
                0x0807d310                tdestroy
                0x0807cdd0                tfind
                0x0807d2b0                __twalk
                0x0807d2b0                twalk
                0x0807cdd0                __tfind
                0x0807ce40                __tdelete
 *fill*         0x0807d326        0xa 37008
 .text          0x0807d330       0x21 /usr/lib/libc.a(ioperm.o)
                0x0807d330                ioperm
 *fill*         0x0807d351        0xf 37008
 .text          0x0807d360       0x1b /usr/lib/libc.a(umount.o)
                0x0807d360                __umount
                0x0807d360                umount
 *fill*         0x0807d37b        0x5 37008
 .text          0x0807d380       0x2d /usr/lib/libc.a(mount.o)
                0x0807d380                mount
                0x0807d380                __mount
 *fill*         0x0807d3ad        0x3 37008
 .text          0x0807d3b0       0x27 /usr/lib/libc.a(mremap.o)
                0x0807d3b0                mremap
                0x0807d3b0                __mremap
 *fill*         0x0807d3d7        0x9 37008
 .text          0x0807d3e0       0x1e /usr/lib/libc.a(bind.o)
                0x0807d3e0                bind
 *fill*         0x0807d3fe        0x2 37008
 .text          0x0807d400       0x1e /usr/lib/libc.a(connect.o)
                0x0807d400                connect
                0x0807d400                __connect
                0x0807d400                __libc_connect
 *fill*         0x0807d41e        0x2 37008
 .text          0x0807d420       0x1e /usr/lib/libc.a(recvfrom.o)
                0x0807d420                recvfrom
                0x0807d420                __libc_recvfrom
 *fill*         0x0807d43e        0x2 37008
 .text          0x0807d440       0x1e /usr/lib/libc.a(sendto.o)
                0x0807d440                sendto
                0x0807d440                __libc_sendto
 *fill*         0x0807d45e        0x2 37008
 .text          0x0807d460       0x1e /usr/lib/libc.a(setsockopt.o)
                0x0807d460                setsockopt
 *fill*         0x0807d47e        0x2 37008
 .text          0x0807d480       0x1e /usr/lib/libc.a(socket.o)
                0x0807d480                socket
                0x0807d480                __socket
 *fill*         0x0807d49e        0x2 37008
 .text          0x0807d4a0      0x186 /usr/lib/libc.a(inet_addr.o)
                0x0807d4a0                inet_addr
                0x0807d4d0                inet_aton
 *fill*         0x0807d626        0xa 37008
 .text          0x0807d630      0xc89 /usr/lib/libc.a(nsswitch.o)
                0x0807d9f0                __nss_lookup_function
                0x0807d7a0                __nss_next
                0x0807d710                __nss_lookup
                0x0807d870                __nss_configure_lookup
                0x0807d630                __nss_database_lookup
 *fill*         0x0807e2b9        0x7 37008
 .text          0x0807e2c0       0x5c /usr/lib/libc.a(pwd-lookup.o)
                0x0807e2c0                __nss_passwd_lookup
 *fill*         0x0807e31c        0x4 37008
 .text          0x0807e320      0x149 /usr/lib/libc.a(inet_ntoa.o)
                0x0807e320                inet_ntoa
 *fill*         0x0807e469        0x7 37008
 .text          0x0807e470        0xc /usr/lib/libc.a(herrno.o)
                0x0807e470                __h_errno_location
 *fill*         0x0807e47c        0x4 37008
 .text          0x0807e480      0x11b /usr/lib/libc.a(getrpcbynumber.o)
                0x0807e480                getrpcbynumber
 *fill*         0x0807e59b        0x5 37008
 .text          0x0807e5a0      0x11c /usr/lib/libc.a(getrpcbynumber_r.o)
                0x0807e5a0                getrpcbynumber_r
                0x0807e5a0                __getrpcbynumber_r
 *fill*         0x0807e6bc        0x4 37008
 .text          0x0807e6c0      0x5d3 /usr/lib/libc.a(auth_unix.o)
                0x0807e6c0                authunix_create
                0x0807e8f0                authunix_create_default
 *fill*         0x0807ec93        0xd 37008
 .text          0x0807eca0       0x8b /usr/lib/libc.a(authuxprot.o)
                0x0807eca0                xdr_authunix_parms
 *fill*         0x0807ed2b        0x5 37008
 .text          0x0807ed30      0x10b /usr/lib/libc.a(bindrsvprt.o)
                0x0807ed30                bindresvport
 *fill*         0x0807ee3b        0x5 37008
 .text          0x0807ee40      0x885 /usr/lib/libc.a(clnt_tcp.o)
                0x0807ee40                clnttcp_create
 *fill*         0x0807f6c5        0xb 37008
 .text          0x0807f6d0      0xa89 /usr/lib/libc.a(clnt_udp.o)
                0x0807f970                clntudp_create
                0x0807f6d0                clntudp_bufcreate
 *fill*         0x08080159        0x7 37008
 .text          0x08080160      0x1b9 /usr/lib/libc.a(get_myaddr.o)
                0x08080160                get_myaddress
 *fill*         0x08080319        0x7 37008
 .text          0x08080320       0xff /usr/lib/libc.a(pm_getport.o)
                0x08080320                pmap_getport
 *fill*         0x0808041f        0x1 37008
 .text          0x08080420       0x5b /usr/lib/libc.a(pmap_prot.o)
                0x08080420                xdr_pmap
 *fill*         0x0808047b        0x5 37008
 .text          0x08080480       0xaa /usr/lib/libc.a(pmap_prot2.o)
                0x08080480                xdr_pmaplist
 *fill*         0x0808052a        0x6 37008
 .text          0x08080530      0x3e5 /usr/lib/libc.a(rpc_prot.o)
                0x08080570                xdr_des_block
                0x08080530                xdr_opaque_auth
                0x08080620                xdr_rejected_reply
                0x08080590                xdr_accepted_reply
                0x08080690                xdr_replymsg
                0x080806f0                xdr_callhdr
                0x08080860                _seterr_reply
 *fill*         0x08080915        0x3 37008
 *fill*         0x08080918        0x8 37008
 .text          0x08080920      0x68b /usr/lib/libc.a(svc.o)
                0x08080920                xprt_register
                0x08080c60                svcerr_auth
                0x08080b10                svc_sendreply
                0x08080bc0                svcerr_decode
                0x08080d10                svcerr_progvers
                0x08080b70                svcerr_noproc
                0x08080d70                svc_getreq
                0x08080980                xprt_unregister
                0x080809c0                svc_register
                0x08080c10                svcerr_systemerr
                0x08080da0                svc_getreqset
                0x08080ca0                svcerr_weakauth
                0x08080cc0                svcerr_noprog
                0x08080a60                svc_unregister
 *fill*         0x08080fab        0x5 37008
 .text          0x08080fb0       0x69 /usr/lib/libc.a(svc_auth.o)
                0x08080fb0                _authenticate
 *fill*         0x08081019        0x7 37008
 .text          0x08081020      0x21c /usr/lib/libc.a(svc_authux.o)
                0x08081020                _svcauth_unix
                0x08081230                _svcauth_short
 *fill*         0x0808123c        0x4 37008
 .text          0x08081240       0xed /usr/lib/libc.a(svc_run.o)
                0x08081240                svc_exit
                0x08081260                svc_run
 *fill*         0x0808132d        0x3 37008
 .text          0x08081330      0x6f9 /usr/lib/libc.a(svc_tcp.o)
                0x08081330                svctcp_create
                0x080815a0                svcfd_create
 *fill*         0x08081a29        0x7 37008
 .text          0x08081a30      0x9e2 /usr/lib/libc.a(svc_udp.o)
                0x08081f60                svcudp_enablecache
                0x08081a30                svcudp_bufcreate
                0x08081d00                svcudp_create
 *fill*         0x08082412        0xe 37008
 .text          0x08082420      0x839 /usr/lib/libc.a(xdr.o)
                0x080826d0                xdr_longlong_t
                0x08082600                xdr_u_hyper
                0x080829d0                xdr_bytes
                0x08082440                xdr_void
                0x080827f0                xdr_char
                0x08082ac0                xdr_union
                0x080828f0                xdr_enum
                0x08082870                xdr_bool
                0x08082c30                xdr_wrapstring
                0x08082420                xdr_free
                0x08082aa0                xdr_netobj
                0x08082490                xdr_long
                0x08082710                xdr_short
                0x080826f0                xdr_u_longlong_t
                0x08082830                xdr_u_char
                0x080824e0                xdr_u_long
                0x08082910                xdr_opaque
                0x08082b30                xdr_string
                0x08082470                xdr_u_int
                0x08082450                xdr_int
                0x08082540                xdr_hyper
                0x08082780                xdr_u_short
 *fill*         0x08082c59        0x7 37008
 .text          0x08082c60      0x147 /usr/lib/libc.a(xdr_array.o)
                0x08082d60                xdr_vector
                0x08082c60                xdr_array
 *fill*         0x08082da7        0x9 37008
 .text          0x08082db0      0x272 /usr/lib/libc.a(xdr_mem.o)
                0x08082db0                xdrmem_create
 *fill*         0x08083022        0xe 37008
 .text          0x08083030      0x8f6 /usr/lib/libc.a(xdr_rec.o)
                0x08083030                xdrrec_create
                0x08083690                xdrrec_endofrecord
                0x080835d0                xdrrec_skiprecord
                0x08083630                xdrrec_eof
 *fill*         0x08083926        0xa 37008
 .text          0x08083930      0x164 /usr/lib/libc.a(xdr_ref.o)
                0x08083930                xdr_reference
                0x08083a20                xdr_pointer
 *fill*         0x08083a94        0xc 37008
 .text          0x08083aa0      0x871 /usr/lib/libc.a(svcauth_des.o)
                0x080841e0                authdes_getucred
                0x08083aa0                _svcauth_des
 *fill*         0x08084311        0xf 37008
 .text          0x08084320       0x79 /usr/lib/libc.a(create_xid.o)
                0x08084320                _create_xid
 *fill*         0x08084399        0x7 37008
 .text          0x080843a0      0x2a2 /usr/lib/libc.a(nscd_getpw_r.o)
                0x080843a0                __nscd_getpwnam_r
                0x080843f0                __nscd_getpwuid_r
 *fill*         0x08084642        0xe 37008
 .text          0x08084650     0x16e1 /usr/lib/libc.a(dl-lookup.o)
                0x08085d00                _dl_setup_hash
                0x08085520                _dl_lookup_versioned_symbol_skip
                0x08084a30                _dl_lookup_symbol_skip
                0x08084f30                _dl_lookup_versioned_symbol
                0x08084650                _dl_lookup_symbol
 *fill*         0x08085d31        0xf 37008
 .text          0x08085d40      0x3e6 /usr/lib/libc.a(dl-error.o)
                0x08086070                _dl_receive_error
                0x08085ef0                _dl_signal_cerror
                0x08085d40                _dl_signal_error
                0x08085f30                _dl_catch_error
 *fill*         0x08086126        0xa 37008
 .text          0x08086130      0x211 /usr/lib/libc.a(dl-misc.o)
                0x080861b0                _dl_sysdep_output
                0x08086200                _dl_debug_message
                0x08086130                _dl_sysdep_read_whole_file
 *fill*         0x08086341        0xf 37008
 .text          0x08086350      0x3bd /usr/lib/libc.a(dl-open.o)
                0x080865e0                _dl_open
 *fill*         0x0808670d        0x3 37008
 .text          0x08086710      0x345 /usr/lib/libc.a(dl-close.o)
                0x08086710                _dl_close
 *fill*         0x08086a55        0xb 37008
 .text          0x08086a60      0x108 /usr/lib/libc.a(dl-support.o)
                0x08086b20                _dl_important_hwcaps
 *fill*         0x08086b68        0x8 37008
 .text          0x08086b70       0x3b /usr/lib/libc.a(enbl-secure.o)
                0x08086b70                __libc_init_secure
 *fill*         0x08086bab        0x5 37008
 .text          0x08086bb0       0x3d /usr/lib/libc.a(dl-profstub.o)
                0x08086bb0                _dl_mcount_wrapper
                0x08086bd0                _dl_mcount_wrapper_check
 *fill*         0x08086bed        0x3 37008
 .text          0x08086bf0      0x104 /usr/lib/libc.a(dl-origin.o)
                0x08086bf0                _dl_get_origin
 *fill*         0x08086cf4        0xc 37008
 .text          0x08086d00       0x88 /usr/lib/libc.a(init-first.o)
                0x08086d80                _dl_start
                0x08086d60                __libc_init_first
 *fill*         0x08086d88        0x8 37008
 .text          0x08086d90       0x3e /usr/lib/libc.a(set-init.o)
                0x08086d90                __libc_init
 *fill*         0x08086dce        0x2 37008
 .text          0x08086dd0       0x22 /usr/lib/libc.a(setfpucw.o)
                0x08086dd0                __setfpucw
 *fill*         0x08086df2        0x2 37008
 *fill*         0x08086df4        0xc 37008
 .text          0x08086e00       0x43 /usr/lib/libc.a(setjmp.o)
                0x08086e00                setjmp
                0x08086e10                __setjmp
                0x08086e20                __sigsetjmp
                0x08086e10                _setjmp
 *fill*         0x08086e43        0xd 37008
 .text          0x08086e50       0x32 /usr/lib/libc.a(sigjmp.o)
                0x08086e50                __sigjmp_save
 *fill*         0x08086e82        0xe 37008
 .text          0x08086e90       0x3d /usr/lib/libc.a(longjmp.o)
                0x08086e90                longjmp
                0x08086e90                _longjmp
                0x08086e90                siglongjmp
                0x08086e90                __libc_longjmp
                0x08086e90                __libc_siglongjmp
 *fill*         0x08086ecd        0x3 37008
 .text          0x08086ed0       0x1c /usr/lib/libc.a(__longjmp.o)
                0x08086ed0                __longjmp
 *fill*         0x08086eec        0x4 37008
 .text          0x08086ef0        0x7 /usr/lib/libc.a(jmp-unwind.o)
                0x08086ef0                _longjmp_unwind
 *fill*         0x08086ef7        0x9 37008
 .text          0x08086f00      0x4b2 /usr/lib/libc.a(qsort.o)
                0x08086f00                _quicksort
 *fill*         0x080873b2        0xe 37008
 .text          0x080873c0       0x29 /usr/lib/libc.a(lrand48_r.o)
                0x080873c0                lrand48_r
 *fill*         0x080873e9        0x7 37008
 .text          0x080873f0       0x4c /usr/lib/libc.a(nrand48_r.o)
                0x080873f0                nrand48_r
                0x080873f0                __nrand48_r
 *fill*         0x0808743c        0x4 37008
 .text          0x08087440       0x40 /usr/lib/libc.a(srand48_r.o)
                0x08087440                __srand48_r
                0x08087440                srand48_r
 .text          0x08087480      0x164 /usr/lib/libc.a(drand48-iter.o)
                0x08087480                __drand48_iterate
 *fill*         0x080875e4        0xc 37008
 .text          0x080875f0       0x1a /usr/lib/libc.a(getline.o)
                0x080875f0                __getline
                0x080875f0                getline
 *fill*         0x0808760a        0x6 37008
 .text          0x08087610      0x194 /usr/lib/libc.a(iogetdelim.o)
                0x08087610                __getdelim
                0x08087610                getdelim
                0x08087610                _IO_getdelim
 *fill*         0x080877a4        0xc 37008
 .text          0x080877b0       0x53 /usr/lib/libc.a(libc_fatal.o)
                0x080877b0                __libc_fatal
 *fill*         0x08087803        0xd 37008
 .text          0x08087810      0x10e /usr/lib/libc.a(_strerror.o)
                0x08087810                __strerror_r
                0x08087810                strerror_r
 *fill*         0x0808791e        0x2 37008
 .text          0x08087920       0x81 /usr/lib/libc.a(bcopy.o)
                0x08087920                bcopy
 *fill*         0x080879a1        0xf 37008
 .text          0x080879b0       0x91 /usr/lib/libc.a(stpncpy.o)
                0x080879b0                stpncpy
                0x080879b0                __stpncpy
 *fill*         0x08087a41        0xf 37008
 .text          0x08087a50      0x15f /usr/lib/libc.a(strchrnul.o)
                0x08087a50                __strchrnul
                0x08087a50                strchrnul
 *fill*         0x08087baf        0x1 37008
 .text          0x08087bb0      0x471 /usr/lib/libc.a(offtime.o)
                0x08087bb0                __offtime
 *fill*         0x08088021        0xf 37008
 .text          0x08088030       0xb9 /usr/lib/libc.a(asctime.o)
                0x08088030                asctime
                0x08088050                asctime_r
                0x08088050                __asctime_r
 *fill*         0x080880e9        0x7 37008
 .text          0x080880f0      0x613 /usr/lib/libc.a(mktime.o)
                0x080886e0                mktime
                0x080886e0                timelocal
                0x08088300                __mktime_internal
 *fill*         0x08088703        0xd 37008
 .text          0x08088710       0x13 /usr/lib/libc.a(getgid.o)
                0x08088710                getgid
                0x08088710                __getgid
 *fill*         0x08088723        0xd 37008
 .text          0x08088730       0xc5 /usr/lib/libc.a(getgroups.o)
                0x08088730                __getgroups
                0x08088730                getgroups
 *fill*         0x080887f5        0xb 37008
 .text          0x08088800      0x279 /usr/lib/libc.a(sysconf.o)
                0x08088800                sysconf
                0x08088800                __sysconf
 *fill*         0x08088a79        0x7 37008
 .text          0x08088a80       0x21 /usr/lib/libc.a(readlink.o)
                0x08088a80                readlink
                0x08088a80                __readlink
 *fill*         0x08088aa1        0xf 37008
 .text          0x08088ab0      0x4f9 /usr/lib/libc.a(poll.o)
                0x08088ab0                __poll
                0x08088ab0                poll
 *fill*         0x08088fa9        0x7 37008
 .text          0x08088fb0       0x44 /usr/lib/libc.a(brk.o)
                0x08088fb0                __brk
                0x08088fb0                brk
 *fill*         0x08088ff4        0xc 37008
 .text          0x08089000       0x29 /usr/lib/libc.a(getdtsz.o)
                0x08089000                __getdtablesize
                0x08089000                getdtablesize
 *fill*         0x08089029        0x7 37008
 .text          0x08089030       0x7c /usr/lib/libc.a(gethostname.o)
                0x08089030                __gethostname
                0x08089030                gethostname
 *fill*         0x080890ac        0x4 37008
 .text          0x080890b0      0x2e1 /usr/lib/libc.a(getsysstats.o)
                0x08089150                __get_nprocs
                0x08089380                get_avphys_pages
                0x08089150                __get_nprocs_conf
                0x08089360                get_phys_pages
                0x08089150                get_nprocs
                0x08089360                __get_phys_pages
                0x08089380                __get_avphys_pages
                0x08089150                get_nprocs_conf
 *fill*         0x08089391        0xf 37008
 .text          0x080893a0       0x44 /usr/lib/libc.a(init-misc.o)
 *fill*         0x080893e4        0xc 37008
 .text          0x080893f0       0x1b /usr/lib/libc.a(personality.o)
                0x080893f0                personality
                0x080893f0                __personality
 *fill*         0x0808940b        0x5 37008
 .text          0x08089410       0x1e /usr/lib/libc.a(accept.o)
                0x08089410                __libc_accept
                0x08089410                accept
 *fill*         0x0808942e        0x2 37008
 .text          0x08089430       0x1e /usr/lib/libc.a(getsockname.o)
                0x08089430                getsockname
 *fill*         0x0808944e        0x2 37008
 .text          0x08089450       0x1e /usr/lib/libc.a(listen.o)
                0x08089450                listen
 *fill*         0x0808946e        0x2 37008
 .text          0x08089470       0x5c /usr/lib/libc.a(rpc-lookup.o)
                0x08089470                __nss_rpc_lookup
 *fill*         0x080894cc        0x4 37008
 .text          0x080894d0      0x137 /usr/lib/libc.a(auth_none.o)
                0x080894d0                authnone_create
 *fill*         0x08089607        0x9 37008
 .text          0x08089610       0x1f /usr/lib/libc.a(rpc_dtable.o)
                0x08089610                _rpc_dtablesize
 *fill*         0x0808962f        0x1 37008
 .text          0x08089630      0x399 /usr/lib/libc.a(pmap_clnt.o)
                0x080897f0                pmap_set
                0x08089910                pmap_unset
 *fill*         0x080899c9        0x7 37008
 .text          0x080899d0      0x47c /usr/lib/libc.a(rpc_cmsg.o)
                0x080899d0                xdr_callmsg
 *fill*         0x08089e4c        0x4 37008
 .text          0x08089e50      0x19c /usr/lib/libc.a(publickey.o)
                0x08089f20                getsecretkey
                0x08089e50                getpublickey
 *fill*         0x08089fec        0x4 37008
 .text          0x08089ff0      0x171 /usr/lib/libc.a(des_crypt.o)
                0x0808a130                ecb_crypt
                0x0808a090                cbc_crypt
 *fill*         0x0808a161        0xf 37008
 .text          0x0808a170      0xbd3 /usr/lib/libc.a(des_impl.o)
                0x0808a790                _des_crypt
 *fill*         0x0808ad43        0xd 37008
 .text          0x0808ad50      0x928 /usr/lib/libc.a(key_call.o)
                0x0808ad90                key_secretkey_is_set
                0x0808ae60                key_decryptsession
                0x0808ad50                key_setsecret
                0x0808b0c0                key_get_conv
                0x0808ae00                key_encryptsession
                0x0808aec0                key_encryptsession_pk
                0x0808af30                key_decryptsession_pk
                0x0808afa0                key_gendes
                0x0808b070                key_setnet
 *fill*         0x0808b678        0x8 37008
 .text          0x0808b680      0x28e /usr/lib/libc.a(key_prot.o)
                0x0808b7a0                xdr_cryptkeyres
                0x0808b6e0                xdr_netnamestr
                0x0808b7e0                xdr_unixcred
                0x0808b680                xdr_keystatus
                0x0808b6b0                xdr_keybuf
                0x0808b710                xdr_cryptkeyarg
                0x0808b8d0                xdr_key_netstres
                0x0808b750                xdr_cryptkeyarg2
                0x0808b840                xdr_getcredres
                0x0808b880                xdr_key_netstarg
 *fill*         0x0808b90e        0x2 37008
 .text          0x0808b910      0x36e /usr/lib/libc.a(netname.o)
                0x0808bb10                getnetname
                0x0808b9d0                host2netname
                0x0808bc10                netname2host
                0x0808b910                user2netname
                0x0808bb40                netname2user
 *fill*         0x0808bc7e        0x2 37008
 .text          0x0808bc80      0x135 /usr/lib/libc.a(openchild.o)
                0x0808bc80                _openchild
 *fill*         0x0808bdb5        0xb 37008
 .text          0x0808bdc0     0x29d4 /usr/lib/libc.a(dl-load.o)
                0x0808c8a0                _dl_init_paths
                0x0808bec0                _dl_dst_substitute
                0x0808bdc0                _dl_dst_count
                0x0808e310                _dl_map_object
 *fill*         0x0808e794        0xc 37008
 .text          0x0808e7a0      0x3b4 /usr/lib/libc.a(dl-cache.o)
                0x0808e880                _dl_load_cache_lookup
                0x0808eb20                _dl_unload_cache
 *fill*         0x0808eb54        0xc 37008
 .text          0x0808eb60      0x28b /usr/lib/libc.a(dl-object.o)
                0x0808eb60                _dl_new_object
 *fill*         0x0808edeb        0x5 37008
 .text          0x0808edf0      0x7cd /usr/lib/libc.a(dl-reloc.o)
                0x0808edf0                _dl_relocate_object
 *fill*         0x0808f5bd        0x3 37008
 .text          0x0808f5c0      0xa30 /usr/lib/libc.a(dl-deps.o)
                0x0808f600                _dl_map_object_deps
 .text          0x0808fff0      0x22c /usr/lib/libc.a(dl-runtime.o)
                0x080901e0                _dl_runtime_resolve
                0x08090200                _dl_runtime_profile
 *fill*         0x0809021c        0x4 37008
 .text          0x08090220       0xba /usr/lib/libc.a(dl-init.o)
                0x08090220                _dl_init_next
 *fill*         0x080902da        0x6 37008
 .text          0x080902e0       0x47 /usr/lib/libc.a(dl-debug.o)
                0x08090320                _dl_debug_state
                0x080902e0                _dl_debug_initialize
 *fill*         0x08090327        0x9 37008
 .text          0x08090330      0x8a3 /usr/lib/libc.a(dl-version.o)
                0x080906a0                _dl_check_map_versions
                0x08090b90                _dl_check_all_versions
 *fill*         0x08090bd3        0xd 37008
 .text          0x08090be0      0x9cb /usr/lib/libc.a(dl-profile.o)
                0x08090be0                _dl_start_profile
                0x08091390                _dl_mcount
 *fill*         0x080915ab        0x1 37008
 *fill*         0x080915ac        0x4 37008
 .text          0x080915b0       0x2c /usr/lib/libc.a(lockfile.o)
                0x080915d0                __internal_ftrylockfile
                0x080915c0                _IO_funlockfile
                0x080915b0                _IO_flockfile
                0x080915d0                ftrylockfile
                0x080915d0                _IO_ftrylockfile
                0x080915c0                funlockfile
                0x080915b0                flockfile
                0x080915c0                __internal_funlockfile
                0x080915b0                __internal_flockfile
 *fill*         0x080915dc        0x4 37008
 .text          0x080915e0       0xb2 /usr/lib/libc.a(strpbrk.o)
                0x080915e0                strpbrk
 *fill*         0x08091692        0xe 37008
 .text          0x080916a0       0x17 /usr/lib/libc.a(ffs.o)
                0x080916a0                __ffs
                0x080916a0                ffsl
                0x080916a0                ffs
 *fill*         0x080916b7        0x9 37008
 .text          0x080916c0       0x83 /usr/lib/libc.a(execlp.o)
                0x080916c0                execlp
 *fill*         0x08091743        0xd 37008
 .text          0x08091750      0x762 /usr/lib/libc.a(getcwd.o)
                0x08091750                __getcwd
                0x08091750                getcwd
 *fill*         0x08091eb2        0xe 37008
 .text          0x08091ec0       0x1f /usr/lib/libc.a(getrlimit.o)
                0x08091ec0                getrlimit
                0x08091ec0                __getrlimit
 *fill*         0x08091edf        0x1 37008
 .text          0x08091ee0       0x6e /usr/lib/libc.a(setreuid.o)
                0x08091ee0                __setreuid
                0x08091ee0                setreuid
 *fill*         0x08091f4e        0x2 37008
 .text          0x08091f50       0x47 /usr/lib/libc.a(getdomain.o)
                0x08091f50                getdomainname
 *fill*         0x08091f97        0x9 37008
 .text          0x08091fa0      0x84e /usr/lib/libc.a(mntent_r.o)
                0x08091fc0                __endmntent
                0x08092070                __getmntent_r
                0x08092770                __hasmntopt
                0x08092770                hasmntopt
                0x08092070                getmntent_r
                0x08092470                addmntent
                0x08091fc0                endmntent
                0x08091fa0                __setmntent
                0x08092470                __addmntent
 *fill*         0x080927ee        0x2 37008
 .text          0x080927f0       0x1e /usr/lib/libc.a(getpeername.o)
                0x080927f0                __getpeername
                0x080927f0                getpeername
 *fill*         0x0809280e        0x2 37008
 .text          0x08092810      0x19f /usr/lib/libc.a(profil.o)
                0x08092850                __profil
                0x08092850                profil
 *fill*         0x080929af        0x1 37008
 .text          0x080929b0       0x59 /usr/lib/libc.a(prof-freq.o)
                0x080929b0                __profile_frequency
 *fill*         0x08092a09        0x7 37008
 .text          0x08092a10       0x5c /usr/lib/libc.a(key-lookup.o)
                0x08092a10                __nss_publickey_lookup
 *fill*         0x08092a6c        0x4 37008
 .text          0x08092a70      0x2ef /usr/lib/libc.a(clnt_gen.o)
                0x08092a70                clnt_create
 *fill*         0x08092d5f        0x1 37008
 .text          0x08092d60      0x48c /usr/lib/libc.a(clnt_perr.o)
                0x080930d0                clnt_spcreateerror
                0x080930b0                clnt_perrno
                0x08093000                clnt_perror
                0x08093190                clnt_pcreateerror
                0x08092d90                clnt_sperror
                0x08093030                clnt_sperrno
 *fill*         0x080931ec        0x4 37008
 .text          0x080931f0      0x256 /usr/lib/libc.a(xdr_stdio.o)
                0x080931f0                xdrstdio_create
 *fill*         0x08093446        0xa 37008
 .text          0x08093450      0xa75 /usr/lib/libc.a(clnt_unix.o)
                0x08093450                clntunix_create
 *fill*         0x08093ec5        0xb 37008
 .text          0x08093ed0       0x34 /usr/lib/libc.a(sigfillset.o)
                0x08093ed0                sigfillset
 *fill*         0x08093f04        0xc 37008
 .text          0x08093f10       0xac /usr/lib/libc.a(ioftell.o)
                0x08093f10                _IO_ftell
                0x08093f10                ftell
 *fill*         0x08093fbc        0x4 37008
 .text          0x08093fc0      0x222 /usr/lib/libc.a(execvp.o)
                0x08094020                execvp
 *fill*         0x080941e2        0xe 37008
 .text          0x080941f0       0xa8 /usr/lib/libc.a(confstr.o)
                0x080941f0                confstr
 *fill*         0x08094298        0x8 37008
 .text          0x080942a0      0x18e /usr/lib/libc.a(lxstat.o)
                0x080942a0                _lxstat
                0x080942a0                __lxstat
 *fill*         0x0809442e        0x2 37008
 .text          0x08094430       0x1e /usr/lib/libc.a(recvmsg.o)
                0x08094430                __libc_recvmsg
                0x08094430                recvmsg
 *fill*         0x0809444e        0x2 37008
 .text          0x08094450       0x1e /usr/lib/libc.a(sendmsg.o)
                0x08094450                sendmsg
                0x08094450                __libc_sendmsg
 *fill*         0x0809446e        0x2 37008
 .text          0x08094470      0x597 /usr/lib/libc.a(gethstbynm_r.o)
                0x08094470                gethostbyname_r
                0x08094470                __gethostbyname_r
 *fill*         0x08094a07        0x9 37008
 .text          0x08094a10      0x11c /usr/lib/libc.a(getprtname_r.o)
                0x08094a10                getprotobyname_r
                0x08094a10                __getprotobyname_r
 *fill*         0x08094b2c        0x4 37008
 .text          0x08094b30      0x4cd /usr/lib/libc.a(nscd_gethst_r.o)
                0x08094b90                __nscd_gethostbyname2_r
                0x08094bf0                __nscd_gethostbyaddr_r
                0x08094b30                __nscd_gethostbyname_r
 *fill*         0x08094ffd        0x3 37008
 .text          0x08095000       0x1a /usr/lib/libc.a(execv.o)
                0x08095000                execv
 *fill*         0x0809501a        0x6 37008
 .text          0x08095020      0x150 /usr/lib/libc.a(readv.o)