Archive member included       because of file (symbol)

insmod/insmod.a(insmod.o)     linuxrc.o (insmod_main)
insmod/insmod.a(rmmod.o)      linuxrc.o (rmmod_main)
insmod/insmod.a(sys_oim.o)    insmod/insmod.a(insmod.o) (old_sys_init_module)
insmod/insmod.a(obj_common.o)
                              insmod/insmod.a(insmod.o) (obj_elf_hash_n)
insmod/insmod.a(sys_cm.o)     insmod/insmod.a(insmod.o) (create_module)
insmod/insmod.a(sys_qm.o)     insmod/insmod.a(insmod.o) (query_module)
insmod/insmod.a(logger.o)     insmod/insmod.a(insmod.o) (error)
insmod/insmod.a(sys_dm.o)     insmod/insmod.a(insmod.o) (delete_module)
insmod/insmod.a(xmalloc.o)    insmod/insmod.a(insmod.o) (xmalloc)
insmod/insmod.a(obj_load.o)   insmod/insmod.a(insmod.o) (obj_load)
insmod/insmod.a(sys_gks.o)    insmod/insmod.a(insmod.o) (get_kernel_syms)
insmod/insmod.a(xrealloc.o)   insmod/insmod.a(insmod.o) (xrealloc)
insmod/insmod.a(obj_i386.o)   insmod/insmod.a(obj_load.o) (arch_new_file)
insmod/insmod.a(obj_reloc.o)  insmod/insmod.a(insmod.o) (obj_string_patch)
insmod/insmod.a(sys_nim.o)    insmod/insmod.a(insmod.o) (new_sys_init_module)
loadkeys/loadkeys.a(loadkeys.o)
                              linuxrc.o (loadkeys_main)
loadkeys/loadkeys.a(ksyms.o)  loadkeys/loadkeys.a(loadkeys.o) (syms)
loadkeys/loadkeys.a(findfile.o)
                              loadkeys/loadkeys.a(loadkeys.o) (findfile)
loadkeys/loadkeys.a(getfd.o)  loadkeys/loadkeys.a(loadkeys.o) (getfd)
loadkeys/loadkeys.a(setfont.o)
                              linuxrc.o (setfont_main)
loadkeys/loadkeys.a(mapscrn.o)
                              loadkeys/loadkeys.a(setfont.o) (loadnewmap)
loadkeys/loadkeys.a(loadunimap.o)
                              loadkeys/loadkeys.a(setfont.o) (loadunicodemap)
pcmcia/pcmcia.a(probe.o)      linuxrc.o (probe_main)
pcmcia/pcmcia.a(cardmgr.o)    pcmcia.o (pidfile)
pcmcia/pcmcia.a(lex_config.o)
                              pcmcia/pcmcia.a(cardmgr.o) (parse_configfile)
pcmcia/pcmcia.a(yacc_config.o)
                              pcmcia/pcmcia.a(lex_config.o) (yyparse)
portmap/portmap.a(portmap.o)  linuxrc.o (portmap_main)
portmap/portmap.a(pmap_check.o)
                              portmap/portmap.a(portmap.o) (verboselog)
portmap/portmap.a(from_local.o)
                              portmap/portmap.a(pmap_check.o) (from_local)
libc/mini-libc.a(genops.o)    insmod/insmod.a(logger.o) (__overflow)
libc/mini-libc.a(iofclose.o)  auto2.o (fclose)
libc/mini-libc.a(iofflush.o)  auto2.o (fflush)
libc/mini-libc.a(iofgets.o)   dialog.o (fgets)
libc/mini-libc.a(iofopen.o)   auto2.o (fopen)
libc/mini-libc.a(iofprintf.o)
                              auto2.o (fprintf)
libc/mini-libc.a(iofputs.o)   util.o (fputs)
libc/mini-libc.a(iofread.o)   auto2.o (fread)
libc/mini-libc.a(iofscanf.o)  install.o (fscanf)
libc/mini-libc.a(iofwrite.o)  loadkeys/loadkeys.a(loadkeys.o) (fwrite)
libc/mini-libc.a(iogetline.o)
                              libc/mini-libc.a(iofgets.o) (_IO_getline)
libc/mini-libc.a(iopopen.o)   pcmcia/pcmcia.a(cardmgr.o) (popen)
libc/mini-libc.a(ioprintf.o)  auto2.o (printf)
libc/mini-libc.a(iosprintf.o)
                              auto2.o (sprintf)
libc/mini-libc.a(iosscanf.o)  auto2.o (sscanf)
libc/mini-libc.a(iovfprintf.o)
                              libc/mini-libc.a(iofprintf.o) (_IO_vfprintf)
libc/mini-libc.a(iovfscanf.o)
                              libc/mini-libc.a(iofscanf.o) (_IO_vfscanf)
libc/mini-libc.a(iovsprintf.o)
                              libc/mini-libc.a(iosprintf.o) (_IO_vsprintf)
libc/mini-libc.a(iovsscanf.o)
                              libc/mini-libc.a(iosscanf.o) (_IO_vsscanf)
libc/mini-libc.a(stdfiles.o)  install.o (_IO_stdin_)
libc/mini-libc.a(strops.o)    libc/mini-libc.a(iovsprintf.o) (_IO_str_init_static)
libc/mini-libc.a(feof.o)      loadkeys/loadkeys.a(setfont.o) (feof)
libc/mini-libc.a(ferror.o)    loadkeys/loadkeys.a(loadkeys.o) (ferror)
libc/mini-libc.a(fileno.o)    insmod/insmod.a(insmod.o) (fileno)
libc/mini-libc.a(fputc.o)     pcmcia/pcmcia.a(cardmgr.o) (fputc)
libc/mini-libc.a(freopen.o)   linuxrc.o (freopen)
libc/mini-libc.a(fseek.o)     insmod/insmod.a(obj_load.o) (fseek)
libc/mini-libc.a(getchar.o)   linuxrc.o (getchar)
libc/mini-libc.a(pclose.o)    pcmcia/pcmcia.a(cardmgr.o) (pclose)
libc/mini-libc.a(reg-printf.o)
                              libc/mini-libc.a(iovfprintf.o) (__printf_function_table)
libc/mini-libc.a(snprintf.o)  insmod/insmod.a(insmod.o) (snprintf)
libc/mini-libc.a(tmpnam.o)    pcmcia/pcmcia.a(cardmgr.o) (tmpnam)
libc/mini-libc.a(vsnprintf.o)
                              libc/mini-libc.a(snprintf.o) (_IO_vsnprintf)
libc/mini-libc.a(abort.o)     portmap/portmap.a(portmap.o) (abort)
libc/mini-libc.a(strtol.o)    file.o (__strtol_internal)
libc/mini-libc.a(strtoul.o)   insmod/insmod.a(insmod.o) (__strtoul_internal)
libc/mini-libc.a(strtoll.o)   libc/mini-libc.a(iovfscanf.o) (__strtoll_internal)
libc/mini-libc.a(strtoull.o)  libc/mini-libc.a(iovfscanf.o) (__strtoull_internal)
[...]
Memory Configuration

Name             Origin             Length             Attributes
*default*        0x00000000         0xffffffff

Linker script and memory map

LOAD /usr/lib/crt1.o
LOAD /usr/lib/crti.o
LOAD /usr/lib/gcc-lib/i486-linux/2.7.2.3/crtbegin.o
LOAD auto2.o
LOAD bootpc.o
LOAD dialog.o
LOAD display.o
LOAD file.o
LOAD ftp.o
LOAD global.o
LOAD info.o
LOAD install.o
LOAD keyboard.o
LOAD linuxrc.o
LOAD modparms.o
LOAD module.o
LOAD net.o
LOAD pcmcia.o
LOAD rootimage.o
LOAD settings.o
LOAD smp.o
LOAD text.o
LOAD util.o
LOAD window.o
LOAD insmod/insmod.a
LOAD loadkeys/loadkeys.a
LOAD pcmcia/pcmcia.a
LOAD portmap/portmap.a
LOAD libc/mini-libc.a
LOAD /usr/lib/libhd_tiny.a
LOAD /usr/lib/gcc-lib/i486-linux/2.7.2.3/libgcc.a
LOAD /usr/lib/libc.a
LOAD /usr/lib/gcc-lib/i486-linux/2.7.2.3/libgcc.a
LOAD /usr/lib/gcc-lib/i486-linux/2.7.2.3/crtend.o
LOAD /usr/lib/crtn.o
                0x08048094                .=(0x8048000+SIZEOF_HEADERS)

.interp
 *(.interp)

.note.ABI-tag   0x08048094       0x20
 .note.ABI-tag  0x08048094       0x20 /usr/lib/crt1.o

.hash
 *(.hash)

.dynsym
 *(.dynsym)

.dynstr
 *(.dynstr)

.gnu.version
 *(.gnu.version)

.gnu.version_d
 *(.gnu.version_d)

.gnu.version_r
 *(.gnu.version_r)

.rel.text
 *(.rel.text)
 *(.rel.gnu.linkonce.t*)

.rela.text
 *(.rela.text)
 *(.rela.gnu.linkonce.t*)

.rel.data
 *(.rel.data)
 *(.rel.gnu.linkonce.d*)

.rela.data
 *(.rela.data)
 *(.rela.gnu.linkonce.d*)

.rel.rodata
 *(.rel.rodata)
 *(.rel.gnu.linkonce.r*)

.rela.rodata
 *(.rela.rodata)
 *(.rela.gnu.linkonce.r*)

.rel.got        0x080480b4        0x0
 *(.rel.got)

.rela.got
 *(.rela.got)

.rel.ctors
 *(.rel.ctors)

.rela.ctors
 *(.rela.ctors)

.rel.dtors
 *(.rel.dtors)

.rela.dtors
 *(.rela.dtors)

.rel.init
 *(.rel.init)

.rela.init
 *(.rela.init)

.rel.fini
 *(.rel.fini)

.rela.fini
 *(.rela.fini)

.rel.bss
 *(.rel.bss)

.rela.bss
 *(.rela.bss)

.rel.plt
 *(.rel.plt)

.rela.plt
 *(.rela.plt)

.init           0x080480b4       0x2a
 *(.init)
 .init          0x080480b4       0x20 /usr/lib/crti.o
                0x080480b4                _init
 .init          0x080480d4        0x5 /usr/lib/gcc-lib/i486-linux/2.7.2.3/crtend.o
 .init          0x080480d9        0x5 /usr/lib/crtn.o

.plt
 *(.plt)

.text           0x080480e0    0x5d128
 *(.text)
 .text          0x080480e0       0x24 /usr/lib/crt1.o
                0x080480e0                _start
 *fill*         0x08048104        0xc 37008
 .text          0x08048110       0x37 /usr/lib/gcc-lib/i486-linux/2.7.2.3/crtbegin.o
 *fill*         0x08048147        0x9 37008
 .text          0x08048150     0x1095 auto2.o
                0x08048210                auto2_scan_hardware
                0x08048ab0                auto2_chk_expert
                0x08048190                auto2_mount_cdrom
                0x08048180                auto2_init_settings
                0x08048da0                auto2_find_mouse
                0x080487a0                auto2_init
 *fill*         0x080491e5        0xb 37008
 .text          0x080491f0     0x11cf bootpc.o
                0x080498c0                BootpFatal
                0x080491f0                performBootp
                0x0804a180                OutString
                0x08049940                ParsePacket
                0x0804a2b0                safecopy
                0x0804a1e0                OutSearch
                0x0804a010                OutList
                0x0804a340                doOut
 *fill*         0x0804a3bf        0x1 37008
 .text          0x0804a3c0     0x205b dialog.o
                0x0804a740                dia_menu
                0x0804b670                dia_input
                0x0804b760                dia_show_lines
                0x0804c030                dia_info
                0x0804be70                dia_show_file
                0x0804c3d0                dia_handle_ctrlc
                0x0804b3f0                dia_status_on
                0x0804a5b0                dia_message
                0x0804b5b0                dia_status
                0x0804a3c0                dia_yesno
 *fill*         0x0804c41b        0x5 37008
 .text          0x0804c420      0xcda display.o
                0x0804c650                disp_end
                0x0804c7d0                disp_set_attr
                0x0804c880                disp_graph_off
                0x0804cb70                disp_restore_area
                0x0804cf60                disp_flush_area
                0x0804c760                disp_set_color
                0x0804c820                disp_cursor_on
                0x0804c420                disp_init
                0x0804c810                disp_cursor_off
                0x0804d080                disp_restore_screen
                0x0804d010                disp_set_display
                0x0804ca60                disp_toggle_output
                0x0804c8d0                disp_write_char
                0x0804ca70                disp_save_area
                0x0804c960                disp_write_string
                0x0804c830                disp_graph_on
                0x0804c710                disp_gotoxy
                0x0804cfa0                disp_refresh_char
 *fill*         0x0804d0fa        0x6 37008
 .text          0x0804d100      0xfa5 file.o
                0x0804d780                file_read_info
                0x0804d100                file_write_yast_info
 *fill*         0x0804e0a5        0xb 37008
 .text          0x0804e0b0      0xaa6 ftp.o
                0x0804e8f0                ftpClose
                0x0804e900                ftpStrerror
                0x0804e460                ftpOpen
                0x0804e8c0                ftpGetFileDone
                0x0804e690                ftpGetFileDesc
 *fill*         0x0804eb56        0x2 37008
 *fill*         0x0804eb58        0x8 37008
 .text          0x0804eb60      0xbe4 info.o
                0x0804f350                info_eide_cd_exists
                0x0804eb60                info_menu
                0x0804ef50                info_show_hardware
                0x0804f3d0                info_scsi_exists
                0x0804ec60                info_init
                0x0804f500                info_scsi_cd_exists
 *fill*         0x0804f744        0xc 37008
 .text          0x0804f750     0x1e5d install.o
                0x0804f750                inst_auto_install
                0x0804f830                inst_start_demo
                0x080514d0                inst_auto2_install
                0x0804fa30                inst_menu
                0x08050170                inst_check_instsys
 *fill*         0x080515ad        0x3 37008
 .text          0x080515b0      0x3ab keyboard.o
                0x080515b0                kbd_init
                0x080516e0                kbd_end
                0x08051890                kbd_clear_buffer
                0x08051740                kbd_getch
                0x08051710                kbd_switch_tty
                0x080516c0                kbd_reset
 *fill*         0x0805195b        0x5 37008
 .text          0x08051960     0x11b6 linuxrc.o
                0x08051c30                my_syslog
                0x08051c90                lxrc_reboot
                0x08051960                main
                0x08051c60                my_logmessage
                0x08051ea0                lxrc_killall
                0x08051cd0                lxrc_end
 *fill*         0x08052b16        0xa 37008
 .text          0x08052b20      0x36a modparms.o
                0x08052bb0                mpar_save_modparams
                0x08052b20                mpar_get_params
                0x08052ce0                mpar_write_modparms
                0x08052c40                mpar_delete_modparams
 *fill*         0x08052e8a        0x6 37008
 .text          0x08052e90     0x1a84 module.o
                0x08053040                mod_unload_module
                0x08053730                mod_get_mod_type
                0x08053810                mod_autoload
                0x08053420                mod_get_ram_modules
                0x080535c0                mod_auto
                0x080531e0                mod_load_by_user
                0x080531b0                mod_free_modules
                0x08052e90                mod_menu
                0x08052fb0                mod_load_module
                0x08053080                mod_show_modules
                0x080536a0                mod_init
 *fill*         0x08054914        0xc 37008
 .text          0x08054920     0x1669 net.o
                0x08055590                xdr_dirpath
                0x08054ce0                net_activate
                0x080550b0                net_check_address
                0x08054a00                net_stop
                0x08055600                xdr_fhstatus
                0x080555d0                xdr_fhandle
                0x08054a80                net_setup_localhost
                0x08055220                net_mount_nfs
                0x08054920                net_config
 *fill*         0x08055f89        0x7 37008
 .text          0x08055f90      0x364 pcmcia.o
                0x08055f90                pcmcia_load_core
 *fill*         0x080562f4        0xc 37008
 .text          0x08056300     0x237e rootimage.o
                0x08056810                root_boot_system
                0x08056720                root_set_root
                0x08056300                root_load_rootimage
 *fill*         0x0805867e        0x2 37008
 .text          0x08058680      0xa09 settings.o
                0x08058e40                set_write_info
                0x08058830                set_choose_keytable
                0x08058960                set_choose_language
                0x08058680                set_settings
                0x08058760                set_choose_display
 *fill*         0x08059089        0x7 37008
 .text          0x08059090      0x1a1 smp.o
                0x08059210                detectSMP
 *fill*         0x08059231        0xf 37008
 .text          0x08059240       0xcc text.o
                0x08059240                txt_get
                0x080592d0                txt_init
 *fill*         0x0805930c        0x4 37008
 .text          0x08059310      0xbb8 util.o
                0x08059810                util_print_banner
                0x08059de0                util_open_ftp
                0x080593d0                util_generate_button
                0x08059310                util_redirect_kmsg
                0x08059b60                util_umount_loop
                0x08059e20                util_cd1_boot
                0x08059350                util_center_text
                0x08059ba0                util_truncate_dir
                0x08059ca0                util_check_break
                0x08059560                util_create_items
                0x08059d90                util_free_ramdisk
                0x08059a30                util_mount_loop
                0x080595a0                util_free_items
                0x080599a0                util_beep
                0x08059410                util_format_txt
                0x080595d0                util_fileinfo
                0x08059520                util_fill_string
                0x08059cf0                util_try_mount
                0x08059c60                util_check_exist
                0x08059d50                util_print_ftp_error
                0x08059e70                util_umount
                0x080596b0                util_update_kernellog
 *fill*         0x08059ec8        0x8 37008
 .text          0x08059ed0      0xf9a window.o
                0x0805a710                win_choose_button
                0x0805a500                win_print
                0x0805a880                win_input
                0x08059ed0                win_open
                0x0805a650                win_button_unpressed
                0x0805a6d0                win_button_unselect
                0x0805a560                win_add_button
                0x0805a410                win_close
                0x0805a5f0                win_button_pressed
                0x0805a690                win_button_select
                0x0805a460                win_clear
 *fill*         0x0805ae6a        0x6 37008
 .text          0x0805ae70     0x27b2 insmod/insmod.a(insmod.o)
                0x0805cf10                insmod_main
 *fill*         0x0805d622        0xe 37008
 .text          0x0805d630      0x791 insmod/insmod.a(rmmod.o)
                0x0805db10                rmmod_main
 *fill*         0x0805ddc1        0xf 37008
 .text          0x0805ddd0       0x33 insmod/insmod.a(sys_oim.o)
                0x0805ddd0                old_sys_init_module
 *fill*         0x0805de03        0xd 37008
 .text          0x0805de10      0x617 insmod/insmod.a(obj_common.o)
                0x0805e170                obj_symbol_final_value
                0x0805e1b0                obj_find_section
                0x0805e120                obj_find_symbol
                0x0805deb0                obj_set_symbol_compare
                0x0805e280                obj_insert_section_load_order
                0x0805e360                obj_create_alloced_section_first
                0x0805e400                obj_extend_section
                0x0805e2d0                obj_create_alloced_section
                0x0805de50                obj_elf_hash
                0x0805df60                obj_add_symbol
                0x0805de10                obj_elf_hash_n
 *fill*         0x0805e427        0x9 37008
 .text          0x0805e430       0x41 insmod/insmod.a(sys_cm.o)
                0x0805e430                create_module
 *fill*         0x0805e471        0xf 37008
 .text          0x0805e480       0x33 insmod/insmod.a(sys_qm.o)
                0x0805e480                query_module
 *fill*         0x0805e4b3        0xd 37008
 .text          0x0805e4c0      0x1dc insmod/insmod.a(logger.o)
                0x0805e5c0                lprintf
                0x0805e4c0                error
                0x0805e680                setsyslog
 *fill*         0x0805e69c        0x4 37008
 .text          0x0805e6a0       0x1f insmod/insmod.a(sys_dm.o)
                0x0805e6a0                delete_module
 *fill*         0x0805e6bf        0x1 37008
 .text          0x0805e6c0       0x31 insmod/insmod.a(xmalloc.o)
                0x0805e6c0                xmalloc
 *fill*         0x0805e6f1        0xf 37008
 .text          0x0805e700      0x468 insmod/insmod.a(obj_load.o)
                0x0805e700                obj_load
 *fill*         0x0805eb68        0x8 37008
 .text          0x0805eb70       0x1f insmod/insmod.a(sys_gks.o)
                0x0805eb70                get_kernel_syms
 *fill*         0x0805eb8f        0x1 37008
 .text          0x0805eb90       0x31 insmod/insmod.a(xrealloc.o)
                0x0805eb90                xrealloc
 *fill*         0x0805ebc1        0xf 37008
 .text          0x0805ebd0      0x356 insmod/insmod.a(obj_i386.o)
                0x0805edc0                arch_create_got
                0x0805ebd0                arch_new_file
                0x0805ec00                arch_new_symbol
                0x0805ebf0                arch_new_section
                0x0805ec20                arch_apply_relocation
                0x0805ef20                arch_init_module
 *fill*         0x0805ef26        0xa 37008
 .text          0x0805ef30      0x6a4 insmod/insmod.a(obj_reloc.o)
                0x0805efd0                obj_symbol_patch
                0x0805f080                obj_allocate_commons
                0x0805f590                obj_create_image
                0x0805ef30                obj_string_patch
                0x0805f010                obj_check_undefineds
                0x0805f2e0                obj_relocate
                0x0805f2a0                obj_load_size
 *fill*         0x0805f5d4        0xc 37008
 .text          0x0805f5e0       0x23 insmod/insmod.a(sys_nim.o)
                0x0805f5e0                new_sys_init_module
 *fill*         0x0805f603        0xd 37008
 .text          0x0805f610     0x3600 loadkeys/loadkeys.a(loadkeys.o)
                0x0805f610                YYYlex
                0x080605f0                YYY_create_buffer
                0x08060740                YYY_scan_buffer
                0x08060530                YYYrestart
                0x08061280                usage
                0x080617b0                find_incl_file
                0x080608f0                YYYparse
                0x08061500                YYYerror
                0x080618b0                open_include
                0x08061650                lk_pop
                0x08061950                lk_end_string
                0x08061930                lk_scan_string
                0x08061530                lkfatal
                0x08060570                YYY_switch_to_buffer
                0x080615b0                lkfatal1
                0x080612a0                loadkeys_main
                0x080607e0                YYY_scan_string
                0x08060660                YYY_delete_buffer
                0x08061960                YYYwrap
                0x080616c0                find_standard_incl_file
                0x08060800                YYY_scan_bytes
                0x08061600                lk_push
                0x08060700                YYY_flush_buffer
                0x080606a0                YYY_init_buffer
                0x080605c0                YYY_load_buffer_state
                0x080608e0                stringovfl
 .text          0x08062c10      0x2cf loadkeys/loadkeys.a(ksyms.o)
                0x08062c10                set_charset
                0x08062cd0                ksymtocode
 *fill*         0x08062edf        0x1 37008
 .text          0x08062ee0      0x12e loadkeys/loadkeys.a(findfile.o)
                0x08062ee0                findfile
                0x08062fc0                xstrdup
                0x08063000                fpclose
 *fill*         0x0806300e        0x2 37008
 .text          0x08063010      0x104 loadkeys/loadkeys.a(getfd.o)
                0x080630b0                getfd
 *fill*         0x08063114        0xc 37008
 .text          0x08063120      0xade loadkeys/loadkeys.a(setfont.o)
                0x08063140                setfont_main
                0x080635b0                do_loadfont
                0x08063be0                activatemap
                0x08063bf0                disactivatemap
 *fill*         0x08063bfe        0x2 37008
 .text          0x08063c00      0x65b loadkeys/loadkeys.a(mapscrn.o)
                0x08064190                saveoldmap
                0x08063c00                loadnewmap
 *fill*         0x0806425b        0x5 37008
 .text          0x08064260      0x61d loadkeys/loadkeys.a(loadunimap.o)
                0x08064260                getunicode
                0x080642f0                outlist
                0x08064440                loadunicodemap
                0x080643d0                addpair
 *fill*         0x0806487d        0x3 37008
 .text          0x08064880      0xbaa pcmcia/pcmcia.a(probe.o)
                0x08065050                tcic_probe_at
                0x08065150                tcic_probe
                0x08064c50                i365_probe
                0x08065300                probe_main
 *fill*         0x0806542a        0x6 37008
 .text          0x08065430     0x2780 pcmcia/pcmcia.a(cardmgr.o)
                0x080654f0                open_dev
                0x08067480                cardmgr_main
                0x080655a0                open_sock
 .text          0x08067bb0     0x1323 pcmcia/pcmcia.a(lex_config.o)
                0x080689a0                yy_delete_buffer
                0x08068870                yyrestart
                0x08068a80                yy_scan_buffer
                0x08068900                yy_load_buffer_state
                0x08068930                yy_create_buffer
                0x08068e60                parse_configfile
                0x08068c20                yywrap
                0x08068a40                yy_flush_buffer
                0x08068b20                yy_scan_string
                0x08068b40                yy_scan_bytes
                0x080688b0                yy_switch_to_buffer
                0x080689e0                yy_init_buffer
                0x08067bb0                yylex
 *fill*         0x08068ed3        0xd 37008
 .text          0x08068ee0      0xf1a pcmcia/pcmcia.a(yacc_config.o)
                0x08069050                yyparse
                0x08068ee0                yyerror
 *fill*         0x08069dfa        0x6 37008
 .text          0x08069e00      0xb83 portmap/portmap.a(portmap.o)
                0x0806a0f0                perror
                0x08069e00                portmap_main
                0x0806a150                reg_service
                0x0806a970                reap
 *fill*         0x0806a983        0xd 37008
 .text          0x0806a990      0x2b8 portmap/portmap.a(pmap_check.o)
                0x0806aab0                check_callit
                0x0806a9d0                check_default
                0x0806a990                check_startup
                0x0806aa20                check_setunset
                0x0806aa10                check_privileged_port
 *fill*         0x0806ac48        0x8 37008
 .text          0x0806ac50      0x29f portmap/portmap.a(from_local.o)
                0x0806acf0                find_local
                0x0806ae80                from_local
 *fill*         0x0806aeef        0x1 37008
 .text          0x0806aef0      0xd83 libc/mini-libc.a(genops.o)
                0x0806b9f0                _IO_remove_marker
                0x0806af30                _IO_link_in
                0x0806b7d0                _IO_sputbackc
                0x0806b760                _IO_default_finish
                0x0806b680                _IO_default_doallocate
                0x0806b750                _IO_default_sync
                0x0806b990                _cleanup
                0x0806b500                _IO_default_xsgetn
                0x0806b8a0                _IO_get_column
                0x0806b4e0                _IO_sgetn
                0x0806b9a0                _IO_init_marker
                0x0806b920                _IO_flush_all_linebuffered
                0x0806b3d0                _IO_default_underflow
                0x0806b420                _IO_default_xsputn
                0x0806b5c0                _IO_default_setbuf
                0x0806b810                _IO_sungetc
                0x0806b090                __overflow
                0x0806bae0                _IO_unsave_markers
                0x0806b5b0                _IO_sync
                0x0806bc70                _IO_default_write
                0x0806bc60                _IO_default_read
                0x0806b990                _IO_cleanup
                0x0806b660                _IO_default_seekpos
                0x0806b8e0                _IO_flush_all
                0x0806b870                _IO_adjust_column
                0x0806ba40                _IO_marker_delta
                0x0806b960                _IO_unbuffer_all
                0x0806bc50                _IO_default_stat
                0x0806ba20                _IO_marker_difference
                0x0806b050                _IO_free_backup_area
                0x0806b220                __underflow
                0x0806b3e0                _IO_default_uflow
                0x0806b2b0                __uflow
                0x0806af50                _IO_least_marker
                0x0806b340                _IO_setb
                0x0806b850                _IO_set_column
                0x0806afe0                _IO_switch_to_get_mode
                0x0806b7c0                _IO_default_seekoff
                0x0806b390                _IO_doallocbuf
                0x0806bb10                _IO_nobackup_pbackfail
                0x0806afb0                _IO_switch_to_backup_area
                0x0806b6d0                _IO_init
                0x0806bc40                _IO_default_seek
                0x0806aef0                _IO_un_link
                0x0806bb40                _IO_default_pbackfail
                0x0806af80                _IO_switch_to_main_get_area
                0x0806ba80                _IO_seekmark
 *fill*         0x0806bc73        0xd 37008
 .text          0x0806bc80       0x94 libc/mini-libc.a(iofclose.o)
                0x0806bc80                _IO_fclose
                0x0806bc80                fclose
 *fill*         0x0806bd14        0xc 37008
 .text          0x0806bd20       0x4a libc/mini-libc.a(iofflush.o)
                0x0806bd20                _IO_fflush
                0x0806bd20                fflush
 *fill*         0x0806bd6a        0x6 37008
 .text          0x0806bd70       0x8c libc/mini-libc.a(iofgets.o)
                0x0806bd70                fgets
                0x0806bd70                _IO_fgets
                0x0806bd70                fgets_unlocked
 *fill*         0x0806bdfc        0x4 37008
 .text          0x0806be00       0x76 libc/mini-libc.a(iofopen.o)
                0x0806be00                setmntent
                0x0806be00                fopen
                0x0806be00                _IO_fopen
 *fill*         0x0806be76        0xa 37008
 .text          0x0806be80       0x18 libc/mini-libc.a(iofprintf.o)
                0x0806be80                fprintf
                0x0806be80                _IO_fprintf
 *fill*         0x0806be98        0x8 37008
 .text          0x0806bea0       0x78 libc/mini-libc.a(iofputs.o)
                0x0806bea0                _IO_fputs
                0x0806bea0                fputs
 *fill*         0x0806bf18        0x8 37008
 .text          0x0806bf20       0x76 libc/mini-libc.a(iofread.o)
                0x0806bf20                _IO_fread
                0x0806bf20                fread
                0x0806bf20                fread_unlocked
 *fill*         0x0806bf96        0xa 37008
 .text          0x0806bfa0       0x1a libc/mini-libc.a(iofscanf.o)
                0x0806bfa0                fscanf
                0x0806bfa0                _IO_fscanf
 *fill*         0x0806bfba        0x6 37008
 .text          0x0806bfc0       0x76 libc/mini-libc.a(iofwrite.o)
                0x0806bfc0                _IO_fwrite
                0x0806bfc0                fwrite
 *fill*         0x0806c036        0xa 37008
 .text          0x0806c040       0xd1 libc/mini-libc.a(iogetline.o)
                0x0806c040                _IO_getline
 *fill*         0x0806c111        0xf 37008
 .text          0x0806c120      0x264 libc/mini-libc.a(iopopen.o)
                0x0806c260                popen
                0x0806c260                _IO_popen
                0x0806c120                _IO_proc_open
                0x0806c2e0                _IO_proc_close
 *fill*         0x0806c384        0xc 37008
 .text          0x0806c390       0x18 libc/mini-libc.a(ioprintf.o)
                0x0806c390                printf
                0x0806c390                _IO_printf
 *fill*         0x0806c3a8        0x8 37008
 .text          0x0806c3b0       0x18 libc/mini-libc.a(iosprintf.o)
                0x0806c3b0                sprintf
                0x0806c3b0                _IO_sprintf
 *fill*         0x0806c3c8        0x8 37008
 .text          0x0806c3d0       0x18 libc/mini-libc.a(iosscanf.o)
                0x0806c3d0                sscanf
                0x0806c3d0                _IO_sscanf
 *fill*         0x0806c3e8        0x8 37008
 .text          0x0806c3f0     0x37bc libc/mini-libc.a(iovfprintf.o)
                0x0806c3f0                _IO_vfprintf
                0x0806c3f0                vfprintf
 *fill*         0x0806fbac        0x4 37008
 .text          0x0806fbb0     0x17ca libc/mini-libc.a(iovfscanf.o)
                0x0806fbb0                _IO_vfscanf
                0x08071360                vfscanf
                0x08071360                __vfscanf
 *fill*         0x0807137a        0x6 37008
 .text          0x08071380       0x71 libc/mini-libc.a(iovsprintf.o)
                0x08071380                vsprintf
                0x08071380                _IO_vsprintf
 *fill*         0x080713f1        0xf 37008
 .text          0x08071400       0x47 libc/mini-libc.a(iovsscanf.o)
                0x08071400                vsscanf
                0x08071400                _IO_vsscanf
 *fill*         0x08071447        0x1 37008
 *fill*         0x08071448        0x8 37008
 .text          0x08071450      0x39e libc/mini-libc.a(strops.o)
                0x08071520                _IO_str_init_readonly
                0x080716e0                _IO_str_seekoff
                0x08071790                _IO_str_pbackfail
                0x080717c0                _IO_str_finish
                0x08071540                _IO_str_overflow
                0x08071450                _IO_str_init_static
                0x080716c0                _IO_str_count
                0x08071670                _IO_str_underflow
 *fill*         0x080717ee        0x2 37008
 .text          0x080717f0       0x50 libc/mini-libc.a(feof.o)
                0x080717f0                feof
 .text          0x08071840       0x50 libc/mini-libc.a(ferror.o)
                0x08071840                _IO_ferror
                0x08071840                ferror
 .text          0x08071890       0x46 libc/mini-libc.a(fileno.o)
                0x08071890                fileno
 *fill*         0x080718d6        0xa 37008
 .text          0x080718e0       0x5e libc/mini-libc.a(fputc.o)
                0x080718e0                fputc
 *fill*         0x0807193e        0x2 37008
 .text          0x08071940       0x66 libc/mini-libc.a(freopen.o)
                0x08071940                freopen
 *fill*         0x080719a6        0xa 37008
 .text          0x080719b0       0x5b libc/mini-libc.a(fseek.o)
                0x080719b0                fseek
 *fill*         0x08071a0b        0x5 37008
 .text          0x08071a10       0x2a libc/mini-libc.a(getchar.o)
                0x08071a10                getchar
 *fill*         0x08071a3a        0x6 37008
 .text          0x08071a40        0xe libc/mini-libc.a(pclose.o)
                0x08071a40                pclose
 *fill*         0x08071a4e        0x2 37008
 .text          0x08071a50       0x40 libc/mini-libc.a(reg-printf.o)
                0x08071a50                register_printf_function
 .text          0x08071a90       0x1f libc/mini-libc.a(snprintf.o)
                0x08071a90                snprintf
                0x08071a90                __snprintf
 *fill*         0x08071aaf        0x1 37008
 .text          0x08071ab0       0x36 libc/mini-libc.a(tmpnam.o)
                0x08071ab0                tmpnam
 *fill*         0x08071ae6        0xa 37008
 .text          0x08071af0       0x56 libc/mini-libc.a(vsnprintf.o)
                0x08071af0                vsnprintf
                0x08071af0                _IO_vsnprintf
                0x08071af0                __vsnprintf
 *fill*         0x08071b46        0xa 37008
 .text          0x08071b50       0x60 libc/mini-libc.a(abort.o)
                0x08071b50                abort
 .text          0x08071bb0      0x27a libc/mini-libc.a(strtol.o)
                0x08071bb0                __strtol_internal
                0x08071e10                strtol
 *fill*         0x08071e2a        0x6 37008
 .text          0x08071e30      0x24a libc/mini-libc.a(strtoul.o)
                0x08072060                strtoul
                0x08071e30                __strtoul_internal
 *fill*         0x0807207a        0x6 37008
 .text          0x08072080      0x37a libc/mini-libc.a(strtoll.o)
                0x08072080                __strtoll_internal
                0x080723e0                strtoll
                0x080723e0                __strtoll
 *fill*         0x080723fa        0x6 37008
 .text          0x08072400      0x32a libc/mini-libc.a(strtoull.o)
                0x08072400                __strtoull_internal
                0x08072710                strtoull
                0x08072710                __strtoull
 *fill*         0x0807272a        0x6 37008
 .text          0x08072730       0x13 libc/mini-libc.a(strerror.o)
                0x08072730                strerror
 *fill*         0x08072743        0xd 37008
 .text          0x08072750       0x39 libc/mini-libc.a(_strerror.o)
                0x08072750                _strerror_internal
 *fill*         0x08072789        0x7 37008
 .text          0x08072790       0x25 libc/mini-libc.a(minimal.o)
                0x080727b0                __dcgettext
                0x08072790                __force_mini_libc_symbols
 *fill*         0x080727b5        0xb 37008
 .text          0x080727c0      0x434 libc/mini-libc.a(syslog.o)
                0x08072b10                openlog
                0x08072bd0                closelog
                0x08072830                syslog
                0x08072be0                setlogmask
                0x08072850                vsyslog
 *fill*         0x08072bf4        0xc 37008
 .text          0x08072c00       0xa6 libc/mini-libc.a(filedoalloc.o)
                0x08072c00                _IO_file_doallocate
 *fill*         0x08072ca6        0xa 37008
 .text          0x08072cb0      0xb0d libc/mini-libc.a(fileops.o)
                0x08072d90                _IO_file_finish
                0x08073270                _IO_file_sync
                0x080735f0                _IO_file_write
                0x08073590                _IO_file_seek
                0x080735d0                _IO_file_close
                0x080732e0                _IO_file_seekoff
                0x08072f60                _IO_file_setbuf
                0x08072ce0                _IO_file_close_it
                0x080735b0                _IO_file_stat
                0x08073090                _IO_file_underflow
                0x08073160                _IO_file_overflow
                0x08073650                _IO_file_xsputn
                0x08072cb0                _IO_file_init
                0x08072dd0                _IO_file_fopen
                0x08073570                _IO_file_read
                0x08072f00                _IO_file_attach
                0x08072fb0                _IO_do_write
 *fill*         0x080737bd        0x3 37008
 .text          0x080737c0       0x98 libc/mini-libc.a(iopadn.o)
                0x080737c0                _IO_padn
 *fill*         0x08073858        0x8 37008
 .text          0x08073860       0x4a libc/mini-libc.a(ioseekoff.o)
                0x08073860                _IO_seekoff
 *fill*         0x080738aa        0x6 37008
 .text          0x080738b0      0x4ca libc/mini-libc.a(iotempname.o)
                0x080739c0                _IO_gen_tempname
 *fill*         0x08073d7a        0x6 37008
 .text          0x08073d80       0x56 libc/mini-libc.a(ioungetc.o)
                0x08073d80                ungetc
                0x08073d80                _IO_ungetc
 *fill*         0x08073dd6        0x2 37008
 *fill*         0x08073dd8        0x8 37008
 .text          0x08073de0      0x141 libc/mini-libc.a(iofdopen.o)
                0x08073de0                _IO_fdopen
                0x08073de0                fdopen
 *fill*         0x08073f21        0xf 37008
 .text          0x08073f30     0x1d4b /usr/lib/libhd_tiny.a(hd.o)
                0x080755a0                hd_has_special_eide
                0x08073fb0                hd_probe_feature
                0x08074f80                remove_hd_entries
                0x08074a80                mod_name_by_idx
                0x080742e0                join_res_irq
                0x08075970                hd_base_class_list
                0x08074150                free_mem
                0x08074f40                hd_probe_feature_by_value
                0x08074880                canon_str
                0x080758b0                hd_net_list
                0x08074bc0                hexdump
                0x08075700                hd_boot_arch
                0x08074500                hd_scan
                0x08074840                name2eisa_id
                0x080757e0                hd_disk_list
                0x08073f30                hd_set_probe_feature
                0x08074cc0                add_str_list
                0x080740a0                add_mem
                0x08074020                new_mem
                0x08074100                new_str
                0x08074490                add_hd_entry
                0x08074c80                search_str_list
                0x08074170                join_res_io
                0x080743c0                have_common_res
                0x080753f0                hd_module_is_active
                0x08074d30                read_file
                0x08074800                eisa_vendor_str
                0x08074790                isa_id2str
                0x08075a40                hd_bus_list
                0x08074f00                hd_probe_feature_by_name
                0x08073f70                hd_clear_probe_feature
                0x08074470                add_res_entry
                0x080756c0                hd_cpu_arch
                0x08075ba0                read_kmods
                0x08075aa0                timeout
                0x08074e20                progress
                0x08073ff0                hd_free_hd_list
                0x08075610                hd_has_pcmcia
                0x080759d0                hd_sub_class_list
                0x08074060                resize_mem
                0x08073fd0                hd_free_hd_data
                0x080749b0                float2str
                0x08075680                hd_apm_enabled
                0x08073fe0                hd_free_driver_info
                0x080748f0                hex
                0x08074a60                hd_get_device_by_idx
                0x08075710                hd_cd_list
                0x08074ac0                str_printf
                0x08074950                str2float
                0x08075010                hd_driver_info
                0x08074d00                free_str_list
                0x08074fb0                remove_tagged_hd_entries
                0x08074440                free_res_list
                0x08074350                join_res_dma
 *fill*         0x08075c7b        0x5 37008
 .text          0x08075c80     0x1700 /usr/lib/libhd_tiny.a(hddb.o)
                0x08077230                add_device_name
                0x08077290                add_sub_device_name
                0x080765d0                hd_sub_device_name
                0x08076630                device_class
                0x08077320                hd_find_device_by_name
                0x08076440                hd_class_name
                0x08076c90                init_hddb
                0x08076560                hd_device_name
                0x08076770                sub_device_driver
                0x08076500                hd_vendor_name
                0x08076700                device_driver
                0x080763d0                hd_bus_name
                0x080766a0                sub_device_class
 .text          0x08077380     0x17c0 /usr/lib/libhd_tiny.a(hdp.o)
                0x08077380                hd_dump_entry
 .text          0x08078b40      0x4ec /usr/lib/libhd_tiny.a(ide.o)
                0x08078b40                hd_scan_ide
 *fill*         0x0807902c        0x4 37008
 .text          0x08079030     0x1198 /usr/lib/libhd_tiny.a(isapnp.o)
                0x08079030                hd_scan_isapnp
                0x080798b0                add_isapnp_card
                0x08079840                add_isapnp_card_res
 *fill*         0x0807a1c8        0x8 37008
 .text          0x0807a1d0     0x1463 /usr/lib/libhd_tiny.a(misc.o)
                0x0807a1d0                hd_scan_misc
                0x0807a860                hd_scan_misc2
 *fill*         0x0807b633        0xd 37008
 .text          0x0807b640      0xef3 /usr/lib/libhd_tiny.a(mouse.o)
                0x0807b640                hd_scan_mouse
 *fill*         0x0807c533        0xd 37008
 .text          0x0807c540      0x26d /usr/lib/libhd_tiny.a(net.o)
                0x0807c540                hd_scan_net
 *fill*         0x0807c7ad        0x3 37008
 .text          0x0807c7b0      0xdd3 /usr/lib/libhd_tiny.a(pci.o)
                0x0807c7b0                hd_scan_pci
 *fill*         0x0807d583        0xd 37008
 .text          0x0807d590      0x65d /usr/lib/libhd_tiny.a(scsi.o)
                0x0807d590                hd_scan_scsi
 *fill*         0x0807dbed        0x3 37008
 .text          0x0807dbf0      0x34d /usr/lib/libhd_tiny.a(serial.o)
                0x0807dbf0                hd_scan_serial
 *fill*         0x0807df3d        0x3 37008
 .text          0x0807df40      0x2fd /usr/lib/libhd_tiny.a(usb.o)
                0x0807df40                hd_scan_usb
 *fill*         0x0807e23d        0x3 37008
 .text          0x0807e240     0x1352 /usr/lib/libhd_tiny.a(pnpdump.o)
                0x0807e750                read_idents
                0x0807e350                delaynus
                0x0807e7e0                do_isolate
                0x0807e570                statuswait
                0x0807e3b0                pnpdump
                0x0807f4a0                dumpregs
                0x0807ea90                lengtherror
                0x0807ea00                devidstr
                0x0807e5f0                initiate
                0x0807e5c0                sendkey
 *fill*         0x0807f592        0xe 37008
 .text          0x0807f5a0      0x886 /usr/lib/libhd_tiny.a(resource.o)
                0x0807f880                allocate_pci_resources
                0x0807f7f0                tag_allocable
                0x0807f9f0                alloc_system_resources
                0x0807f850                deallocate_resource
                0x0807f810                allocate_resource
 *fill*         0x0807fe26        0xa 37008
 .text          0x0807fe30      0x5dd /usr/lib/libhd_tiny.a(cdrom.o)
                0x08080020                hd_read_cdrom_info
                0x0807fe30                hd_scan_cdrom
 *fill*         0x0808040d        0x3 37008
 .text          0x08080410      0x2bd /usr/lib/libhd_tiny.a(floppy.o)
                0x08080410                hd_scan_floppy
 *fill*         0x080806cd        0x3 37008
 .text          0x080806d0      0x2ed /usr/lib/libhd_tiny.a(klog.o)
                0x08080740                read_klog
                0x08080970                dump_klog
 *fill*         0x080809bd        0x3 37008
 .text          0x080809c0      0x233 /usr/lib/libhd_tiny.a(pnp-select.o)
                0x08080ac0                alloc_resources
 *fill*         0x08080bf3        0xd 37008
 .text          0x08080c00      0x134 /usr/lib/gcc-lib/i486-linux/2.7.2.3/libgcc.a(_udivdi3.o)
                0x08080c00                __udivdi3
 *fill*         0x08080d34        0xc 37008
 .text          0x08080d40      0x17d /usr/lib/gcc-lib/i486-linux/2.7.2.3/libgcc.a(_umoddi3.o)
                0x08080d40                __umoddi3
 *fill*         0x08080ebd        0x3 37008
 .text          0x08080ec0      0x112 /usr/lib/libc.a(libc-start.o)
                0x08080ec0                __libc_start_main
 *fill*         0x08080fd2        0xe 37008
 .text          0x08080fe0       0x11 /usr/lib/libc.a(sysdep.o)
                0x08080fe2                __syscall_error_1
                0x08080fe0                __syscall_error
 *fill*         0x08080ff1        0xf 37008
 .text          0x08081000        0xc /usr/lib/libc.a(errno-loc.o)
                0x08081000                __errno_location
 *fill*         0x0808100c        0x4 37008
 .text          0x08081010      0x10d /usr/lib/libc.a(assert.o)
                0x08081010                __assert_fail
 *fill*         0x0808111d        0x3 37008
 .text          0x08081120       0xaf /usr/lib/libc.a(signal.o)
                0x08081120                __bsd_signal
                0x08081120                ssignal
                0x08081120                bsd_signal
                0x08081120                signal
 *fill*         0x080811cf        0x1 37008
 .text          0x080811d0       0x16 /usr/lib/libc.a(raise.o)
                0x080811d0                gsignal
                0x080811d0                raise
 *fill*         0x080811e6        0xa 37008
 .text          0x080811f0      0x220 /usr/lib/libc.a(sigaction.o)
                0x080811f0                sigaction
                0x080811f0                __sigaction
 .text          0x08081410       0xa8 /usr/lib/libc.a(sigprocmask.o)
                0x08081410                __sigprocmask
                0x08081410                sigprocmask
 *fill*         0x080814b8        0x8 37008
 .text          0x080814c0       0x1f /usr/lib/libc.a(kill.o)
                0x080814c0                __kill
                0x080814c0                kill
 *fill*         0x080814df        0x1 37008
 .text          0x080814e0       0x9f /usr/lib/libc.a(sigintr.o)
                0x080814e0                siginterrupt
 *fill*         0x0808157f        0x1 37008
 .text          0x08081580       0x37 /usr/lib/libc.a(sigempty.o)
                0x08081580                sigemptyset
 *fill*         0x080815b7        0x9 37008
 .text          0x080815c0       0x4e /usr/lib/libc.a(sigaddset.o)
                0x080815c0                sigaddset
 *fill*         0x0808160e        0x2 37008
 .text          0x08081610      0x1fd /usr/lib/libc.a(msort.o)
                0x08081770                qsort
 *fill*         0x0808180d        0x3 37008
 .text          0x08081810       0xe4 /usr/lib/libc.a(getenv.o)
                0x08081810                getenv
 *fill*         0x080818f4        0xc 37008
 .text          0x08081900       0x82 /usr/lib/libc.a(putenv.o)
                0x08081900                putenv
 *fill*         0x08081982        0xe 37008
 .text          0x08081990      0x420 /usr/lib/libc.a(setenv.o)
                0x08081cb0                unsetenv
                0x08081990                __add_to_environ
                0x08081d50                clearenv
                0x08081c90                setenv
                0x08081c90                __setenv
                0x08081d50                __clearenv
                0x08081cb0                __unsetenv
 .text          0x08081db0       0x1d /usr/lib/libc.a(secure-getenv.o)
                0x08081db0                __secure_getenv
 *fill*         0x08081dcd        0x3 37008
 .text          0x08081dd0       0xa1 /usr/lib/libc.a(exit.o)
                0x08081dd0                exit
 *fill*         0x08081e71        0xf 37008
 .text          0x08081e80       0xfb /usr/lib/libc.a(atexit.o)
                0x08081eb0                __new_exitfn
                0x08081e80                atexit
 *fill*         0x08081f7b        0x5 37008
 .text          0x08081f80      0x157 /usr/lib/libc.a(random.o)
                0x08082090                random
                0x08082090                __random
                0x08081fd0                __initstate
                0x08081f80                __srandom
                0x08082030                setstate
                0x08081f80                srand
                0x08081fd0                initstate
                0x08082030                __setstate
                0x08081f80                srandom
 *fill*         0x080820d7        0x9 37008
 .text          0x080820e0      0x38f /usr/lib/libc.a(random_r.o)
                0x080822f0                __setstate_r
                0x080822f0                setstate_r
                0x080823d0                random_r
                0x080820e0                srandom_r
                0x080820e0                __srandom_r
                0x080823d0                __random_r
                0x08082200                __initstate_r
                0x08082200                initstate_r
 *fill*         0x0808246f        0x1 37008
 .text          0x08082470        0xc /usr/lib/libc.a(rand.o)
                0x08082470                rand
 *fill*         0x0808247c        0x4 37008
 .text          0x08082480      0x24d /usr/lib/libc.a(system.o)
                0x08082480                system
                0x08082480                __libc_system
 *fill*         0x080826cd        0x3 37008
 .text          0x080826d0      0x212 /usr/lib/libc.a(_itoa.o)
                0x080826d0                _itoa
 *fill*         0x080828e2        0x2 37008
 *fill*         0x080828e4        0xc 37008
 .text          0x080828f0       0x1f /usr/lib/libc.a(rename.o)
                0x080828f0                rename
 *fill*         0x0808290f        0x1 37008
 .text          0x08082910      0x194 /usr/lib/libc.a(iogetdelim.o)
                0x08082910                __getdelim
                0x08082910                getdelim
                0x08082910                _IO_getdelim
 *fill*         0x08082aa4        0xc 37008
 .text          0x08082ab0     0x362e /usr/lib/libc.a(malloc.o)
                0x080852f0                malloc_get_state
                0x08083e00                __cfree
                0x08084b50                __calloc
                0x08085100                malloc_stats
                0x080851f0                __mallinfo
                0x080848a0                __libc_memalign
                0x080848a0                __memalign
                0x08084d80                __malloc_trim
                0x08083430                malloc
                0x08084b30                pvalloc
                0x080851f0                __libc_mallinfo
                0x080841d0                __libc_realloc
                0x08084b50                calloc
                0x08084fc0                malloc_usable_size
                0x08084b30                __libc_pvalloc
                0x08084b10                __libc_valloc
                0x08083430                __malloc
                0x08083e00                __free
                0x08085440                malloc_set_state
                0x08083430                __libc_malloc
                0x08083e00                __libc_free
                0x08084b30                __pvalloc
                0x080841d0                realloc
                0x08085260                __libc_mallopt
                0x08084d80                malloc_trim
                0x08085260                mallopt
                0x08082f60                __malloc_check_init
                0x080848a0                memalign
                0x08083e00                cfree
                0x08084b10                valloc
                0x080851f0                mallinfo
                0x08084b50                __libc_calloc
                0x08084fc0                __malloc_usable_size
                0x08085440                __malloc_set_state
                0x080841d0                __realloc
                0x08085260                __mallopt
                0x080852f0                __malloc_get_state
                0x08085100                __malloc_stats
                0x08084b10                __valloc
                0x08083e00                free
 *fill*         0x080860de        0x2 37008
 .text          0x080860e0       0x17 /usr/lib/libc.a(morecore.o)
                0x080860e0                __default_morecore
 *fill*         0x080860f7        0x9 37008
 .text          0x08086100       0x2b /usr/lib/libc.a(strcat.o)
                0x08086100                strcat
 *fill*         0x0808612b        0x5 37008
 .text          0x08086130      0x167 /usr/lib/libc.a(strchr.o)
                0x08086130                index
                0x08086130                strchr
 *fill*         0x08086297        0x9 37008
 .text          0x080862a0       0x2d /usr/lib/libc.a(strcmp.o)
                0x080862a0                strcmp
 *fill*         0x080862cd        0x3 37008
 .text          0x080862d0       0x23 /usr/lib/libc.a(strcpy.o)
                0x080862d0                strcpy
 *fill*         0x080862f3        0xd 37008
 .text          0x08086300       0x4b /usr/lib/libc.a(strdup.o)
                0x08086300                __strdup
                0x08086300                strdup
 *fill*         0x0808634b        0x5 37008
 .text          0x08086350       0x8b /usr/lib/libc.a(strncmp.o)
                0x08086350                strncmp
 *fill*         0x080863db        0x5 37008
 .text          0x080863e0       0x8b /usr/lib/libc.a(strncpy.o)
                0x080863e0                strncpy
 *fill*         0x0808646b        0x5 37008
 .text          0x08086470      0x1b9 /usr/lib/libc.a(strrchr.o)
                0x08086470                strrchr
                0x08086470                rindex
 *fill*         0x08086629        0x7 37008
 .text          0x08086630       0xb2 /usr/lib/libc.a(strpbrk.o)
                0x08086630                strpbrk
 *fill*         0x080866e2        0xe 37008
 .text          0x080866f0       0xae /usr/lib/libc.a(strspn.o)
                0x080866f0                strspn
 *fill*         0x0808679e        0x2 37008
 .text          0x080867a0       0xcc /usr/lib/libc.a(strstr.o)
                0x080867a0                strstr
 *fill*         0x0808686c        0x4 37008
 .text          0x08086870       0xf6 /usr/lib/libc.a(strtok.o)
                0x08086870                strtok
 *fill*         0x08086966        0xa 37008
 .text          0x08086970      0x19b /usr/lib/libc.a(memchr.o)
                0x08086970                memchr
 *fill*         0x08086b0b        0x5 37008
 .text          0x08086b10       0x84 /usr/lib/libc.a(memmove.o)
                0x08086b10                memmove
 *fill*         0x08086b94        0xc 37008
 .text          0x08086ba0       0x4e /usr/lib/libc.a(memset.o)
                0x08086ba0                memset
 *fill*         0x08086bee        0x2 37008
 .text          0x08086bf0       0x3c /usr/lib/libc.a(mempcpy.o)
                0x08086bf0                mempcpy
                0x08086bf0                __mempcpy
 *fill*         0x08086c2c        0x4 37008
 .text          0x08086c30       0x37 /usr/lib/libc.a(bzero.o)
                0x08086c30                __bzero
                0x08086c30                bzero
 *fill*         0x08086c67        0x9 37008
 .text          0x08086c70       0x41 /usr/lib/libc.a(stpcpy.o)
                0x08086c70                stpcpy
                0x08086c70                __stpcpy
 *fill*         0x08086cb1        0xf 37008
 .text          0x08086cc0       0x5a /usr/lib/libc.a(strcasecmp.o)
                0x08086cc0                strcasecmp
                0x08086cc0                __strcasecmp
 *fill*         0x08086d1a        0x6 37008
 .text          0x08086d20       0x5e /usr/lib/libc.a(strncase.o)
                0x08086d20                __strncasecmp
                0x08086d20                strncasecmp
 *fill*         0x08086d7e        0x2 37008
 .text          0x08086d80       0x41 /usr/lib/libc.a(memcpy.o)
                0x08086d80                memcpy
 *fill*         0x08086dc1        0xf 37008
 .text          0x08086dd0       0xc6 /usr/lib/libc.a(rawmemchr.o)
                0x08086dd0                __rawmemchr
                0x08086dd0                rawmemchr
 *fill*         0x08086e96        0xa 37008
 .text          0x08086ea0       0x16 /usr/lib/libc.a(ctime.o)
                0x08086ea0                ctime
 *fill*         0x08086eb6        0xa 37008
 .text          0x08086ec0       0x37 /usr/lib/libc.a(gmtime.o)
                0x08086ec0                gmtime_r
                0x08086ec0                __gmtime_r
                0x08086ee0                gmtime
 *fill*         0x08086ef7        0x9 37008
 .text          0x08086f00       0x37 /usr/lib/libc.a(localtime.o)
                0x08086f00                __localtime_r
                0x08086f20                localtime
                0x08086f00                localtime_r
 *fill*         0x08086f37        0x9 37008
 .text          0x08086f40       0x25 /usr/lib/libc.a(time.o)
                0x08086f40                time
 *fill*         0x08086f65        0xb 37008
 .text          0x08086f70       0x1f /usr/lib/libc.a(gettimeofday.o)
                0x08086f70                __gettimeofday
                0x08086f70                gettimeofday
 *fill*         0x08086f8f        0x1 37008
 .text          0x08086f90      0xf11 /usr/lib/libc.a(tzset.o)
                0x08087ce0                __tzset
                0x08087860                __tzname_max
                0x08087d40                __tz_convert
                0x08086f90                __tzstring
                0x08087ce0                tzset
 *fill*         0x08087ea1        0xf 37008
 .text          0x08087eb0      0xd0b /usr/lib/libc.a(tzfile.o)
                0x08088740                __tzfile_default
                0x08088960                __tzfile_compute
                0x08087eb0                __tzfile_read
 *fill*         0x08088bbb        0x5 37008
 .text          0x08088bc0       0x21 /usr/lib/libc.a(setitimer.o)
                0x08088bc0                setitimer
                0x08088bc0                __setitimer
 *fill*         0x08088be1        0xf 37008
 .text          0x08088bf0      0x1bb /usr/lib/libc.a(opendir.o)
                0x08088c70                __opendir
                0x08088c70                opendir
 *fill*         0x08088dab        0x5 37008
 .text          0x08088db0       0x61 /usr/lib/libc.a(closedir.o)
                0x08088db0                __closedir
                0x08088db0                closedir
 *fill*         0x08088e11        0xf 37008
 .text          0x08088e20       0x85 /usr/lib/libc.a(readdir.o)
                0x08088e20                readdir
                0x08088e20                __readdir
 *fill*         0x08088ea5        0xb 37008
 .text          0x08088eb0      0x137 /usr/lib/libc.a(getdents.o)
                0x08088eb0                __getdents
 *fill*         0x08088fe7        0x9 37008
 .text          0x08088ff0      0x11b /usr/lib/libc.a(getpwuid.o)
                0x08088ff0                getpwuid
 *fill*         0x0808910b        0x5 37008
 .text          0x08089110      0x19c /usr/lib/libc.a(getpwuid_r.o)
                0x08089110                getpwuid_r
                0x08089110                __getpwuid_r
 *fill*         0x080892ac        0x4 37008
 .text          0x080892b0       0x1b /usr/lib/libc.a(uname.o)
                0x080892b0                uname
 *fill*         0x080892cb        0x5 37008
 .text          0x080892d0       0x1a /usr/lib/libc.a(waitpid.o)
                0x080892d0                waitpid
                0x080892d0                __libc_waitpid
                0x080892d0                __waitpid
 *fill*         0x080892ea        0x6 37008
 .text          0x080892f0       0x1a /usr/lib/libc.a(wait3.o)
                0x080892f0                __wait3
                0x080892f0                wait3
 *fill*         0x0808930a        0x6 37008
 .text          0x08089310       0x27 /usr/lib/libc.a(wait4.o)
                0x08089310                __wait4
                0x08089310                wait4
 *fill*         0x08089337        0x9 37008
 .text          0x08089340       0x1b /usr/lib/libc.a(alarm.o)
                0x08089340                alarm
 *fill*         0x0808935b        0x5 37008
 .text          0x08089360      0x141 /usr/lib/libc.a(sleep.o)
                0x08089360                sleep
                0x08089360                __sleep
 *fill*         0x080894a1        0xf 37008
 .text          0x080894b0       0x1f /usr/lib/libc.a(nanosleep.o)
                0x080894b0                __libc_nanosleep
                0x080894b0                nanosleep
                0x080894b0                __nanosleep
 *fill*         0x080894cf        0x1 37008
 .text          0x080894d0       0x13 /usr/lib/libc.a(fork.o)
                0x080894d0                fork
                0x080894d0                __libc_fork
                0x080894d0                __fork
 *fill*         0x080894e3        0xd 37008
 .text          0x080894f0       0x2e /usr/lib/libc.a(vfork.o)
                0x080894f0                __vfork
                0x080894f0                vfork
 *fill*         0x0808951e        0x2 37008
 .text          0x08089520       0x1a /usr/lib/libc.a(_exit.o)
                0x08089520                _Exit
                0x08089520                _exit
 *fill*         0x0808953a        0x6 37008
 .text          0x08089540       0x4a /usr/lib/libc.a(execve.o)
                0x08089540                execve
                0x08089540                __execve
 *fill*         0x0808958a        0x6 37008
 .text          0x08089590       0x89 /usr/lib/libc.a(execl.o)
                0x08089590                execl
 *fill*         0x08089619        0x7 37008
 .text          0x08089620       0x13 /usr/lib/libc.a(getpid.o)
                0x08089620                __getpid
                0x08089620                getpid
 *fill*         0x08089633        0xd 37008
 .text          0x08089640       0x13 /usr/lib/libc.a(getuid.o)
                0x08089640                getuid
                0x08089640                __getuid
 *fill*         0x08089653        0xd 37008
 .text          0x08089660       0x13 /usr/lib/libc.a(geteuid.o)
                0x08089660                geteuid
                0x08089660                __geteuid
 *fill*         0x08089673        0xd 37008
 .text          0x08089680       0x13 /usr/lib/libc.a(getegid.o)
                0x08089680                getegid
                0x08089680                __getegid
 *fill*         0x08089693        0xd 37008
 .text          0x080896a0       0x5c /usr/lib/libc.a(setuid.o)
                0x080896a0                __setuid
                0x080896a0                setuid
 *fill*         0x080896fc        0x4 37008
 .text          0x08089700       0x13 /usr/lib/libc.a(setsid.o)
                0x08089700                __setsid
                0x08089700                setsid
 *fill*         0x08089713        0xd 37008
 .text          0x08089720     0x12fe /usr/lib/libc.a(getopt.o)
                0x08089aa0                _getopt_internal
                0x0808aa00                getopt
 *fill*         0x0808aa1e        0x2 37008
 .text          0x0808aa20       0x59 /usr/lib/libc.a(getopt1.o)
                0x0808aa20                getopt_long
                0x0808aa50                getopt_long_only
 *fill*         0x0808aa79        0x7 37008
 .text          0x0808aa80       0xa2 /usr/lib/libc.a(getopt_init.o)
                0x0808aa80                __getopt_clean_environment
 *fill*         0x0808ab22        0xe 37008
 .text          0x0808ab30       0x1f /usr/lib/libc.a(sched_getp.o)
                0x0808ab30                __sched_getparam
                0x0808ab30                sched_getparam
 *fill*         0x0808ab4f        0x1 37008
 .text          0x0808ab50       0x21 /usr/lib/libc.a(sched_sets.o)
                0x0808ab50                sched_setscheduler
                0x0808ab50                __sched_setscheduler
 *fill*         0x0808ab71        0xf 37008
 .text          0x0808ab80       0x1b /usr/lib/libc.a(sched_gets.o)
                0x0808ab80                sched_getscheduler
                0x0808ab80                __sched_getscheduler
 *fill*         0x0808ab9b        0x1 37008
 *fill*         0x0808ab9c        0x4 37008
 .text          0x0808aba0      0x18e /usr/lib/libc.a(xstat.o)
                0x0808aba0                _xstat
                0x0808aba0                __xstat
 *fill*         0x0808ad2e        0x2 37008
 .text          0x0808ad30      0x18e /usr/lib/libc.a(fxstat.o)
                0x0808ad30                _fxstat
                0x0808ad30                __fxstat
 *fill*         0x0808aebe        0x2 37008
 .text          0x0808aec0       0x81 /usr/lib/libc.a(xmknod.o)
                0x0808aec0                _xmknod
                0x0808aec0                __xmknod
 *fill*         0x0808af41        0xf 37008
 .text          0x0808af50       0x1f /usr/lib/libc.a(statfs.o)
                0x0808af50                statfs
                0x0808af50                __statfs
 *fill*         0x0808af6f        0x1 37008
 .text          0x0808af70       0x1f /usr/lib/libc.a(mkdir.o)
                0x0808af70                __mkdir
                0x0808af70                mkdir
 *fill*         0x0808af8f        0x1 37008
 .text          0x0808af90       0x21 /usr/lib/libc.a(open.o)
                0x0808af90                __open
                0x0808af90                __libc_open
                0x0808af90                open
 *fill*         0x0808afb1        0xf 37008
 .text          0x0808afc0       0x1b /usr/lib/libc.a(close.o)
                0x0808afc0                __libc_close
                0x0808afc0                __close
                0x0808afc0                close
 *fill*         0x0808afdb        0x5 37008
 .text          0x0808afe0       0x21 /usr/lib/libc.a(read.o)
                0x0808afe0                __read
                0x0808afe0                __libc_read
                0x0808afe0                read
 *fill*         0x0808b001        0xf 37008
 .text          0x0808b010       0x21 /usr/lib/libc.a(write.o)
                0x0808b010                __write
                0x0808b010                write
                0x0808b010                __libc_write
 *fill*         0x0808b031        0xf 37008
 .text          0x0808b040       0x21 /usr/lib/libc.a(lseek.o)
                0x0808b040                lseek
                0x0808b040                __lseek
                0x0808b040                __libc_lseek
 *fill*         0x0808b061        0xf 37008
 .text          0x0808b070       0x1f /usr/lib/libc.a(access.o)
                0x0808b070                access
                0x0808b070                __access
 *fill*         0x0808b08f        0x1 37008
 .text          0x0808b090       0x21 /usr/lib/libc.a(fcntl.o)
                0x0808b090                __libc_fcntl
                0x0808b090                __fcntl
                0x0808b090                fcntl
 *fill*         0x0808b0b1        0xf 37008
 .text          0x0808b0c0       0x1f /usr/lib/libc.a(flock.o)
                0x0808b0c0                flock
                0x0808b0c0                __flock
 *fill*         0x0808b0df        0x1 37008
 .text          0x0808b0e0       0x1b /usr/lib/libc.a(dup.o)
                0x0808b0e0                __dup
                0x0808b0e0                dup
 *fill*         0x0808b0fb        0x5 37008
 .text          0x0808b100       0x1f /usr/lib/libc.a(dup2.o)
                0x0808b100                __dup2
                0x0808b100                dup2
 *fill*         0x0808b11f        0x1 37008
 .text          0x0808b120       0x1b /usr/lib/libc.a(pipe.o)
                0x0808b120                pipe
                0x0808b120                __pipe
 *fill*         0x0808b13b        0x5 37008
 .text          0x0808b140       0x1b /usr/lib/libc.a(chdir.o)
                0x0808b140                chdir
                0x0808b140                __chdir
 *fill*         0x0808b15b        0x5 37008
 .text          0x0808b160       0x21 /usr/lib/libc.a(isatty.o)
                0x0808b160                isatty
                0x0808b160                __isatty
 *fill*         0x0808b181        0xf 37008
 .text          0x0808b190       0x1f /usr/lib/libc.a(symlink.o)
                0x0808b190                __symlink
                0x0808b190                symlink
 *fill*         0x0808b1af        0x1 37008
 .text          0x0808b1b0       0x1b /usr/lib/libc.a(unlink.o)
                0x0808b1b0                __unlink
                0x0808b1b0                unlink
 *fill*         0x0808b1cb        0x5 37008
 .text          0x0808b1d0       0x1b /usr/lib/libc.a(rmdir.o)
                0x0808b1d0                rmdir
                0x0808b1d0                __rmdir
 *fill*         0x0808b1eb        0x5 37008
 .text          0x0808b1f0      0x159 /usr/lib/libc.a(tcsetattr.o)
                0x0808b1f0                tcsetattr
 *fill*         0x0808b349        0x7 37008
 .text          0x0808b350       0x71 /usr/lib/libc.a(tcgetattr.o)
                0x0808b350                __tcgetattr
                0x0808b350                tcgetattr
 *fill*         0x0808b3c1        0xf 37008
 .text          0x0808b3d0       0x6e /usr/lib/libc.a(sbrk.o)
                0x0808b3d0                sbrk
                0x0808b3d0                __sbrk
 *fill*         0x0808b43e        0x2 37008
 .text          0x0808b440       0x21 /usr/lib/libc.a(ioctl.o)
                0x0808b440                ioctl
                0x0808b440                __ioctl
 *fill*         0x0808b461        0xf 37008
 .text          0x0808b470        0xc /usr/lib/libc.a(getpagesize.o)
                0x0808b470                getpagesize
                0x0808b470                __getpagesize
 *fill*         0x0808b47c        0x4 37008
 .text          0x0808b480       0x2d /usr/lib/libc.a(select.o)
                0x0808b480                __select
                0x0808b480                select
 *fill*         0x0808b4ad        0x3 37008
 .text          0x0808b4b0       0x13 /usr/lib/libc.a(sync.o)
                0x0808b4b0                sync
 *fill*         0x0808b4c3        0xd 37008
 .text          0x0808b4d0       0x40 /usr/lib/libc.a(reboot.o)
                0x0808b4d0                reboot
 .text          0x0808b510       0x1b /usr/lib/libc.a(swapoff.o)
                0x0808b510                swapoff
                0x0808b510                __swapoff
 *fill*         0x0808b52b        0x5 37008
 .text          0x0808b530       0x51 /usr/lib/libc.a(usleep.o)
                0x0808b530                usleep
 *fill*         0x0808b581        0xf 37008
 .text          0x0808b590       0x8a /usr/lib/libc.a(daemon.o)
                0x0808b590                daemon
 *fill*         0x0808b61a        0x6 37008
 .text          0x0808b620       0x1b /usr/lib/libc.a(mmap.o)
                0x0808b620                __mmap
                0x0808b620                mmap
                0x0808b620                mmap64
 *fill*         0x0808b63b        0x5 37008
 .text          0x0808b640       0x1f /usr/lib/libc.a(munmap.o)
                0x0808b640                munmap
                0x0808b640                __munmap
 *fill*         0x0808b65f        0x1 37008
 .text          0x0808b660       0x21 /usr/lib/libc.a(mprotect.o)
                0x0808b660                __mprotect
                0x0808b660                mprotect
 *fill*         0x0808b681        0xf 37008
 .text          0x0808b690      0x7b6 /usr/lib/libc.a(tsearch.o)
                0x0808b7d0                tsearch
                0x0808b7d0                __tsearch
                0x0808be30                __tdestroy
                0x0808b960                tdelete
                0x0808be30                tdestroy
                0x0808b8f0                tfind
                0x0808bdd0                __twalk
                0x0808bdd0                twalk
                0x0808b8f0                __tfind
                0x0808b960                __tdelete
 *fill*         0x0808be46        0xa 37008
 .text          0x0808be50       0x21 /usr/lib/libc.a(ioperm.o)
                0x0808be50                ioperm
 *fill*         0x0808be71        0xf 37008
 .text          0x0808be80       0x1b /usr/lib/libc.a(iopl.o)
                0x0808be80                iopl
 *fill*         0x0808be9b        0x5 37008
 .text          0x0808bea0       0x1b /usr/lib/libc.a(umount.o)
                0x0808bea0                __umount
                0x0808bea0                umount
 *fill*         0x0808bebb        0x5 37008
 .text          0x0808bec0       0x21 /usr/lib/libc.a(klogctl.o)
                0x0808bec0                klogctl
 *fill*         0x0808bee1        0xf 37008
 .text          0x0808bef0       0x2d /usr/lib/libc.a(mount.o)
                0x0808bef0                mount
                0x0808bef0                __mount
 *fill*         0x0808bf1d        0x3 37008
 .text          0x0808bf20       0x27 /usr/lib/libc.a(mremap.o)
                0x0808bf20                mremap
                0x0808bf20                __mremap
 *fill*         0x0808bf47        0x9 37008
 .text          0x0808bf50       0x1e /usr/lib/libc.a(bind.o)
                0x0808bf50                bind
 *fill*         0x0808bf6e        0x2 37008
 .text          0x0808bf70       0x1e /usr/lib/libc.a(connect.o)
                0x0808bf70                connect
                0x0808bf70                __connect
                0x0808bf70                __libc_connect
 *fill*         0x0808bf8e        0x2 37008
 .text          0x0808bf90       0x1e /usr/lib/libc.a(recvfrom.o)
                0x0808bf90                recvfrom
                0x0808bf90                __libc_recvfrom
 *fill*         0x0808bfae        0x2 37008
 .text          0x0808bfb0       0x1e /usr/lib/libc.a(sendto.o)
                0x0808bfb0                sendto
                0x0808bfb0                __libc_sendto
 *fill*         0x0808bfce        0x2 37008
 .text          0x0808bfd0       0x1e /usr/lib/libc.a(setsockopt.o)
                0x0808bfd0                setsockopt
 *fill*         0x0808bfee        0x2 37008
 .text          0x0808bff0       0x1e /usr/lib/libc.a(socket.o)
                0x0808bff0                socket
                0x0808bff0                __socket
 *fill*         0x0808c00e        0x2 37008
 .text          0x0808c010      0x186 /usr/lib/libc.a(inet_addr.o)
                0x0808c010                inet_addr
                0x0808c040                inet_aton
 *fill*         0x0808c196        0xa 37008
 .text          0x0808c1a0      0xc89 /usr/lib/libc.a(nsswitch.o)
                0x0808c560                __nss_lookup_function
                0x0808c310                __nss_next
                0x0808c280                __nss_lookup
                0x0808c3e0                __nss_configure_lookup
                0x0808c1a0                __nss_database_lookup
 *fill*         0x0808ce29        0x7 37008
 .text          0x0808ce30       0x5c /usr/lib/libc.a(pwd-lookup.o)
                0x0808ce30                __nss_passwd_lookup
 *fill*         0x0808ce8c        0x4 37008
 .text          0x0808ce90      0x149 /usr/lib/libc.a(inet_ntoa.o)
                0x0808ce90                inet_ntoa
 *fill*         0x0808cfd9        0x7 37008
 .text          0x0808cfe0        0xc /usr/lib/libc.a(herrno.o)
                0x0808cfe0                __h_errno_location
 *fill*         0x0808cfec        0x4 37008
 .text          0x0808cff0      0x11b /usr/lib/libc.a(getrpcbynumber.o)
                0x0808cff0                getrpcbynumber
 *fill*         0x0808d10b        0x5 37008
 .text          0x0808d110      0x11c /usr/lib/libc.a(getrpcbynumber_r.o)
                0x0808d110                getrpcbynumber_r
                0x0808d110                __getrpcbynumber_r
 *fill*         0x0808d22c        0x4 37008
 .text          0x0808d230      0x5d3 /usr/lib/libc.a(auth_unix.o)
                0x0808d230                authunix_create
                0x0808d460                authunix_create_default
 *fill*         0x0808d803        0xd 37008
 .text          0x0808d810       0x8b /usr/lib/libc.a(authuxprot.o)
                0x0808d810                xdr_authunix_parms
 *fill*         0x0808d89b        0x5 37008
 .text          0x0808d8a0      0x10b /usr/lib/libc.a(bindrsvprt.o)
                0x0808d8a0                bindresvport
 *fill*         0x0808d9ab        0x5 37008
 .text          0x0808d9b0      0x885 /usr/lib/libc.a(clnt_tcp.o)
                0x0808d9b0                clnttcp_create
 *fill*         0x0808e235        0xb 37008
 .text          0x0808e240      0xa89 /usr/lib/libc.a(clnt_udp.o)
                0x0808e4e0                clntudp_create
                0x0808e240                clntudp_bufcreate
 *fill*         0x0808ecc9        0x7 37008
 .text          0x0808ecd0      0x1b9 /usr/lib/libc.a(get_myaddr.o)
                0x0808ecd0                get_myaddress
 *fill*         0x0808ee89        0x7 37008
 .text          0x0808ee90       0xff /usr/lib/libc.a(pm_getport.o)
                0x0808ee90                pmap_getport
 *fill*         0x0808ef8f        0x1 37008
 .text          0x0808ef90       0x5b /usr/lib/libc.a(pmap_prot.o)
                0x0808ef90                xdr_pmap
 *fill*         0x0808efeb        0x5 37008
 .text          0x0808eff0       0xaa /usr/lib/libc.a(pmap_prot2.o)
                0x0808eff0                xdr_pmaplist
 *fill*         0x0808f09a        0x6 37008
 .text          0x0808f0a0      0x3e5 /usr/lib/libc.a(rpc_prot.o)
                0x0808f0e0                xdr_des_block
                0x0808f0a0                xdr_opaque_auth
                0x0808f190                xdr_rejected_reply
                0x0808f100                xdr_accepted_reply
                0x0808f200                xdr_replymsg
                0x0808f260                xdr_callhdr
                0x0808f3d0                _seterr_reply
 *fill*         0x0808f485        0x3 37008
 *fill*         0x0808f488        0x8 37008
 .text          0x0808f490      0x68b /usr/lib/libc.a(svc.o)
                0x0808f490                xprt_register
                0x0808f7d0                svcerr_auth
                0x0808f680                svc_sendreply
                0x0808f730                svcerr_decode
                0x0808f880                svcerr_progvers
                0x0808f6e0                svcerr_noproc
                0x0808f8e0                svc_getreq
                0x0808f4f0                xprt_unregister
                0x0808f530                svc_register
                0x0808f780                svcerr_systemerr
                0x0808f910                svc_getreqset
                0x0808f810                svcerr_weakauth
                0x0808f830                svcerr_noprog
                0x0808f5d0                svc_unregister
 *fill*         0x0808fb1b        0x5 37008
 .text          0x0808fb20       0x69 /usr/lib/libc.a(svc_auth.o)
                0x0808fb20                _authenticate
 *fill*         0x0808fb89        0x7 37008
 .text          0x0808fb90      0x21c /usr/lib/libc.a(svc_authux.o)
                0x0808fb90                _svcauth_unix
                0x0808fda0                _svcauth_short
 *fill*         0x0808fdac        0x4 37008
 .text          0x0808fdb0       0xed /usr/lib/libc.a(svc_run.o)
                0x0808fdb0                svc_exit
                0x0808fdd0                svc_run
 *fill*         0x0808fe9d        0x3 37008
 .text          0x0808fea0      0x6f9 /usr/lib/libc.a(svc_tcp.o)
                0x0808fea0                svctcp_create
                0x08090110                svcfd_create
 *fill*         0x08090599        0x7 37008
 .text          0x080905a0      0x9e2 /usr/lib/libc.a(svc_udp.o)
                0x08090ad0                svcudp_enablecache
                0x080905a0                svcudp_bufcreate
                0x08090870                svcudp_create
 *fill*         0x08090f82        0xe 37008
 .text          0x08090f90      0x839 /usr/lib/libc.a(xdr.o)
                0x08091240                xdr_longlong_t
                0x08091170                xdr_u_hyper
                0x08091540                xdr_bytes
                0x08090fb0                xdr_void
                0x08091360                xdr_char
                0x08091630                xdr_union
                0x08091460                xdr_enum
                0x080913e0                xdr_bool
                0x080917a0                xdr_wrapstring
                0x08090f90                xdr_free
                0x08091610                xdr_netobj
                0x08091000                xdr_long
                0x08091280                xdr_short
                0x08091260                xdr_u_longlong_t
                0x080913a0                xdr_u_char
                0x08091050                xdr_u_long
                0x08091480                xdr_opaque
                0x080916a0                xdr_string
                0x08090fe0                xdr_u_int
                0x08090fc0                xdr_int
                0x080910b0                xdr_hyper
                0x080912f0                xdr_u_short
 *fill*         0x080917c9        0x7 37008
 .text          0x080917d0      0x147 /usr/lib/libc.a(xdr_array.o)
                0x080918d0                xdr_vector
                0x080917d0                xdr_array
 *fill*         0x08091917        0x9 37008
 .text          0x08091920      0x272 /usr/lib/libc.a(xdr_mem.o)
                0x08091920                xdrmem_create
 *fill*         0x08091b92        0xe 37008
 .text          0x08091ba0      0x8f6 /usr/lib/libc.a(xdr_rec.o)
                0x08091ba0                xdrrec_create
                0x08092200                xdrrec_endofrecord
                0x08092140                xdrrec_skiprecord
                0x080921a0                xdrrec_eof
 *fill*         0x08092496        0xa 37008
 .text          0x080924a0      0x164 /usr/lib/libc.a(xdr_ref.o)
                0x080924a0                xdr_reference
                0x08092590                xdr_pointer
 *fill*         0x08092604        0xc 37008
 .text          0x08092610      0x871 /usr/lib/libc.a(svcauth_des.o)
                0x08092d50                authdes_getucred
                0x08092610                _svcauth_des
 *fill*         0x08092e81        0xf 37008
 .text          0x08092e90       0x79 /usr/lib/libc.a(create_xid.o)
                0x08092e90                _create_xid
 *fill*         0x08092f09        0x7 37008
 .text          0x08092f10      0x2a2 /usr/lib/libc.a(nscd_getpw_r.o)
                0x08092f10                __nscd_getpwnam_r
                0x08092f60                __nscd_getpwuid_r
 *fill*         0x080931b2        0xe 37008
 .text          0x080931c0     0x16e1 /usr/lib/libc.a(dl-lookup.o)
                0x08094870                _dl_setup_hash
                0x08094090                _dl_lookup_versioned_symbol_skip
                0x080935a0                _dl_lookup_symbol_skip
                0x08093aa0                _dl_lookup_versioned_symbol
                0x080931c0                _dl_lookup_symbol
 *fill*         0x080948a1        0xf 37008
 .text          0x080948b0      0x3e6 /usr/lib/libc.a(dl-error.o)
                0x08094be0                _dl_receive_error
                0x08094a60                _dl_signal_cerror
                0x080948b0                _dl_signal_error
                0x08094aa0                _dl_catch_error
 *fill*         0x08094c96        0xa 37008
 .text          0x08094ca0      0x211 /usr/lib/libc.a(dl-misc.o)
                0x08094d20                _dl_sysdep_output
                0x08094d70                _dl_debug_message
                0x08094ca0                _dl_sysdep_read_whole_file
 *fill*         0x08094eb1        0xf 37008
 .text          0x08094ec0      0x3bd /usr/lib/libc.a(dl-open.o)
                0x08095150                _dl_open
 *fill*         0x0809527d        0x3 37008
 .text          0x08095280      0x345 /usr/lib/libc.a(dl-close.o)
                0x08095280                _dl_close
 *fill*         0x080955c5        0xb 37008
 .text          0x080955d0      0x108 /usr/lib/libc.a(dl-support.o)
                0x08095690                _dl_important_hwcaps
 *fill*         0x080956d8        0x8 37008
 .text          0x080956e0       0x3b /usr/lib/libc.a(enbl-secure.o)
                0x080956e0                __libc_init_secure
 *fill*         0x0809571b        0x5 37008
 .text          0x08095720       0x3d /usr/lib/libc.a(dl-profstub.o)
                0x08095720                _dl_mcount_wrapper
                0x08095740                _dl_mcount_wrapper_check
 *fill*         0x0809575d        0x3 37008
 .text          0x08095760      0x104 /usr/lib/libc.a(dl-origin.o)
                0x08095760                _dl_get_origin
 *fill*         0x08095864        0xc 37008
 .text          0x08095870       0x88 /usr/lib/libc.a(init-first.o)
                0x080958f0                _dl_start
                0x080958d0                __libc_init_first
 *fill*         0x080958f8        0x8 37008
 .text          0x08095900       0x3e /usr/lib/libc.a(set-init.o)
                0x08095900                __libc_init
 *fill*         0x0809593e        0x2 37008
 .text          0x08095940       0x22 /usr/lib/libc.a(setfpucw.o)
                0x08095940                __setfpucw
 *fill*         0x08095962        0x2 37008
 *fill*         0x08095964        0xc 37008
 .text          0x08095970       0x43 /usr/lib/libc.a(setjmp.o)
                0x08095970                setjmp
                0x08095980                __setjmp
                0x08095990                __sigsetjmp
                0x08095980                _setjmp
 *fill*         0x080959b3        0xd 37008
 .text          0x080959c0       0x32 /usr/lib/libc.a(sigjmp.o)
                0x080959c0                __sigjmp_save
 *fill*         0x080959f2        0xe 37008
 .text          0x08095a00       0x3d /usr/lib/libc.a(longjmp.o)
                0x08095a00                longjmp
                0x08095a00                _longjmp
                0x08095a00                siglongjmp
                0x08095a00                __libc_longjmp
                0x08095a00                __libc_siglongjmp
 *fill*         0x08095a3d        0x3 37008
 .text          0x08095a40       0x1c /usr/lib/libc.a(__longjmp.o)
                0x08095a40                __longjmp
 *fill*         0x08095a5c        0x4 37008
 .text          0x08095a60        0x7 /usr/lib/libc.a(jmp-unwind.o)
                0x08095a60                _longjmp_unwind
 *fill*         0x08095a67        0x9 37008
 .text          0x08095a70      0x4b2 /usr/lib/libc.a(qsort.o)
                0x08095a70                _quicksort
 *fill*         0x08095f22        0xe 37008
 .text          0x08095f30       0x29 /usr/lib/libc.a(lrand48_r.o)
                0x08095f30                lrand48_r
 *fill*         0x08095f59        0x7 37008
 .text          0x08095f60       0x4c /usr/lib/libc.a(nrand48_r.o)
                0x08095f60                nrand48_r
                0x08095f60                __nrand48_r
 *fill*         0x08095fac        0x4 37008
 .text          0x08095fb0       0x40 /usr/lib/libc.a(srand48_r.o)
                0x08095fb0                __srand48_r
                0x08095fb0                srand48_r
 .text          0x08095ff0      0x164 /usr/lib/libc.a(drand48-iter.o)
                0x08095ff0                __drand48_iterate
 *fill*         0x08096154        0xc 37008
 .text          0x08096160       0x1a /usr/lib/libc.a(getline.o)
                0x08096160                __getline
                0x08096160                getline
 *fill*         0x0809617a        0x6 37008
 .text          0x08096180       0x2c /usr/lib/libc.a(lockfile.o)
                0x080961a0                __internal_ftrylockfile
                0x08096190                _IO_funlockfile
                0x08096180                _IO_flockfile
                0x080961a0                ftrylockfile
                0x080961a0                _IO_ftrylockfile
                0x08096190                funlockfile
                0x08096180                flockfile
                0x08096190                __internal_funlockfile
                0x08096180                __internal_flockfile
 *fill*         0x080961ac        0x4 37008
 .text          0x080961b0       0x53 /usr/lib/libc.a(libc_fatal.o)
                0x080961b0                __libc_fatal
 *fill*         0x08096203        0xd 37008
 .text          0x08096210      0x10e /usr/lib/libc.a(_strerror.o)
                0x08096210                __strerror_r
                0x08096210                strerror_r
 *fill*         0x0809631e        0x2 37008
 .text          0x08096320       0x81 /usr/lib/libc.a(bcopy.o)
                0x08096320                bcopy
 *fill*         0x080963a1        0xf 37008
 .text          0x080963b0       0x91 /usr/lib/libc.a(stpncpy.o)
                0x080963b0                stpncpy
                0x080963b0                __stpncpy
 *fill*         0x08096441        0xf 37008
 .text          0x08096450      0x15f /usr/lib/libc.a(strchrnul.o)
                0x08096450                __strchrnul
                0x08096450                strchrnul
 *fill*         0x080965af        0x1 37008
 .text          0x080965b0      0x471 /usr/lib/libc.a(offtime.o)
                0x080965b0                __offtime
 *fill*         0x08096a21        0xf 37008
 .text          0x08096a30       0xb9 /usr/lib/libc.a(asctime.o)
                0x08096a30                asctime
                0x08096a50                asctime_r
                0x08096a50                __asctime_r
 *fill*         0x08096ae9        0x7 37008
 .text          0x08096af0      0x613 /usr/lib/libc.a(mktime.o)
                0x080970e0                mktime
                0x080970e0                timelocal
                0x08096d00                __mktime_internal
 *fill*         0x08097103        0xd 37008
 .text          0x08097110       0x13 /usr/lib/libc.a(getgid.o)
                0x08097110                getgid
                0x08097110                __getgid
 *fill*         0x08097123        0xd 37008
 .text          0x08097130       0xc5 /usr/lib/libc.a(getgroups.o)
                0x08097130                __getgroups
                0x08097130                getgroups
 *fill*         0x080971f5        0xb 37008
 .text          0x08097200      0x279 /usr/lib/libc.a(sysconf.o)
                0x08097200                sysconf
                0x08097200                __sysconf
 *fill*         0x08097479        0x7 37008
 .text          0x08097480       0x21 /usr/lib/libc.a(readlink.o)
                0x08097480                readlink
                0x08097480                __readlink
 *fill*         0x080974a1        0xf 37008
 .text          0x080974b0      0x4f9 /usr/lib/libc.a(poll.o)
                0x080974b0                __poll
                0x080974b0                poll
 *fill*         0x080979a9        0x7 37008
 .text          0x080979b0       0x44 /usr/lib/libc.a(brk.o)
                0x080979b0                __brk
                0x080979b0                brk
 *fill*         0x080979f4        0xc 37008
 .text          0x08097a00       0x29 /usr/lib/libc.a(getdtsz.o)
                0x08097a00                __getdtablesize
                0x08097a00                getdtablesize
 *fill*         0x08097a29        0x7 37008
 .text          0x08097a30       0x7c /usr/lib/libc.a(gethostname.o)
                0x08097a30                __gethostname
                0x08097a30                gethostname
 *fill*         0x08097aac        0x4 37008
 .text          0x08097ab0      0x2e1 /usr/lib/libc.a(getsysstats.o)
                0x08097b50                __get_nprocs
                0x08097d80                get_avphys_pages
                0x08097b50                __get_nprocs_conf
                0x08097d60                get_phys_pages
                0x08097b50                get_nprocs
                0x08097d60                __get_phys_pages
                0x08097d80                __get_avphys_pages
                0x08097b50                get_nprocs_conf
 *fill*         0x08097d91        0xf 37008
 .text          0x08097da0       0x44 /usr/lib/libc.a(init-misc.o)
 *fill*         0x08097de4        0xc 37008
 .text          0x08097df0       0x1b /usr/lib/libc.a(personality.o)
                0x08097df0                personality
                0x08097df0                __personality
 *fill*         0x08097e0b        0x5 37008
 .text          0x08097e10       0x1e /usr/lib/libc.a(accept.o)
                0x08097e10                __libc_accept
                0x08097e10                accept
 *fill*         0x08097e2e        0x2 37008
 .text          0x08097e30       0x1e /usr/lib/libc.a(getsockname.o)
                0x08097e30                getsockname
 *fill*         0x08097e4e        0x2 37008
 .text          0x08097e50       0x1e /usr/lib/libc.a(listen.o)
                0x08097e50                listen
 *fill*         0x08097e6e        0x2 37008
 .text          0x08097e70       0x5c /usr/lib/libc.a(rpc-lookup.o)
                0x08097e70                __nss_rpc_lookup
 *fill*         0x08097ecc        0x4 37008
 .text          0x08097ed0      0x137 /usr/lib/libc.a(auth_none.o)
                0x08097ed0                authnone_create
 *fill*         0x08098007        0x9 37008
 .text          0x08098010       0x1f /usr/lib/libc.a(rpc_dtable.o)
                0x08098010                _rpc_dtablesize
 *fill*         0x0809802f        0x1 37008
 .text          0x08098030      0x399 /usr/lib/libc.a(pmap_clnt.o)
                0x080981f0                pmap_set
                0x08098310                pmap_unset
 *fill*         0x080983c9        0x7 37008
 .text          0x080983d0      0x47c /usr/lib/libc.a(rpc_cmsg.o)
                0x080983d0                xdr_callmsg
 *fill*         0x0809884c        0x4 37008
 .text          0x08098850      0x19c /usr/lib/libc.a(publickey.o)
                0x08098920                getsecretkey
                0x08098850                getpublickey
 *fill*         0x080989ec        0x4 37008
 .text          0x080989f0      0x171 /usr/lib/libc.a(des_crypt.o)
                0x08098b30                ecb_crypt
                0x08098a90                cbc_crypt
 *fill*         0x08098b61        0xf 37008
 .text          0x08098b70      0xbd3 /usr/lib/libc.a(des_impl.o)
                0x08099190                _des_crypt